Archive member included to satisfy reference by file (symbol)

c:/st/stm32cubeide_1.6.1/stm32cubeide/plugins/com.st.stm32cube.ide.mcu.externaltools.gnu-tools-for-stm32.9-2020-q2-update.win32_1.5.0.202011040924/tools/bin/../lib/gcc/arm-none-eabi/9.3.1/../../../../arm-none-eabi/lib/thumb/v7e-m+dp/hard\libc_nano.a(lib_a-errno.o)
                              Core/Src/syscalls.o (__errno)
c:/st/stm32cubeide_1.6.1/stm32cubeide/plugins/com.st.stm32cube.ide.mcu.externaltools.gnu-tools-for-stm32.9-2020-q2-update.win32_1.5.0.202011040924/tools/bin/../lib/gcc/arm-none-eabi/9.3.1/../../../../arm-none-eabi/lib/thumb/v7e-m+dp/hard\libc_nano.a(lib_a-exit.o)
                              c:/st/stm32cubeide_1.6.1/stm32cubeide/plugins/com.st.stm32cube.ide.mcu.externaltools.gnu-tools-for-stm32.9-2020-q2-update.win32_1.5.0.202011040924/tools/bin/../lib/gcc/arm-none-eabi/9.3.1/../../../../arm-none-eabi/lib/thumb/v7e-m+dp/hard/crt0.o (exit)
c:/st/stm32cubeide_1.6.1/stm32cubeide/plugins/com.st.stm32cube.ide.mcu.externaltools.gnu-tools-for-stm32.9-2020-q2-update.win32_1.5.0.202011040924/tools/bin/../lib/gcc/arm-none-eabi/9.3.1/../../../../arm-none-eabi/lib/thumb/v7e-m+dp/hard\libc_nano.a(lib_a-impure.o)
                              c:/st/stm32cubeide_1.6.1/stm32cubeide/plugins/com.st.stm32cube.ide.mcu.externaltools.gnu-tools-for-stm32.9-2020-q2-update.win32_1.5.0.202011040924/tools/bin/../lib/gcc/arm-none-eabi/9.3.1/../../../../arm-none-eabi/lib/thumb/v7e-m+dp/hard\libc_nano.a(lib_a-exit.o) (_global_impure_ptr)
c:/st/stm32cubeide_1.6.1/stm32cubeide/plugins/com.st.stm32cube.ide.mcu.externaltools.gnu-tools-for-stm32.9-2020-q2-update.win32_1.5.0.202011040924/tools/bin/../lib/gcc/arm-none-eabi/9.3.1/../../../../arm-none-eabi/lib/thumb/v7e-m+dp/hard\libc_nano.a(lib_a-init.o)
                              c:/st/stm32cubeide_1.6.1/stm32cubeide/plugins/com.st.stm32cube.ide.mcu.externaltools.gnu-tools-for-stm32.9-2020-q2-update.win32_1.5.0.202011040924/tools/bin/../lib/gcc/arm-none-eabi/9.3.1/../../../../arm-none-eabi/lib/thumb/v7e-m+dp/hard/crt0.o (__libc_init_array)
c:/st/stm32cubeide_1.6.1/stm32cubeide/plugins/com.st.stm32cube.ide.mcu.externaltools.gnu-tools-for-stm32.9-2020-q2-update.win32_1.5.0.202011040924/tools/bin/../lib/gcc/arm-none-eabi/9.3.1/../../../../arm-none-eabi/lib/thumb/v7e-m+dp/hard\libc_nano.a(lib_a-memset.o)
                              c:/st/stm32cubeide_1.6.1/stm32cubeide/plugins/com.st.stm32cube.ide.mcu.externaltools.gnu-tools-for-stm32.9-2020-q2-update.win32_1.5.0.202011040924/tools/bin/../lib/gcc/arm-none-eabi/9.3.1/../../../../arm-none-eabi/lib/thumb/v7e-m+dp/hard/crt0.o (memset)
c:/st/stm32cubeide_1.6.1/stm32cubeide/plugins/com.st.stm32cube.ide.mcu.externaltools.gnu-tools-for-stm32.9-2020-q2-update.win32_1.5.0.202011040924/tools/bin/../lib/gcc/arm-none-eabi/9.3.1/../../../../arm-none-eabi/lib/thumb/v7e-m+dp/hard\libc_nano.a(lib_a-nano-vfprintf_float.o)
                              (_printf_float)
c:/st/stm32cubeide_1.6.1/stm32cubeide/plugins/com.st.stm32cube.ide.mcu.externaltools.gnu-tools-for-stm32.9-2020-q2-update.win32_1.5.0.202011040924/tools/bin/../lib/gcc/arm-none-eabi/9.3.1/../../../../arm-none-eabi/lib/thumb/v7e-m+dp/hard\libc_nano.a(lib_a-nano-vfprintf_i.o)
                              c:/st/stm32cubeide_1.6.1/stm32cubeide/plugins/com.st.stm32cube.ide.mcu.externaltools.gnu-tools-for-stm32.9-2020-q2-update.win32_1.5.0.202011040924/tools/bin/../lib/gcc/arm-none-eabi/9.3.1/../../../../arm-none-eabi/lib/thumb/v7e-m+dp/hard\libc_nano.a(lib_a-nano-vfprintf_float.o) (_printf_common)
c:/st/stm32cubeide_1.6.1/stm32cubeide/plugins/com.st.stm32cube.ide.mcu.externaltools.gnu-tools-for-stm32.9-2020-q2-update.win32_1.5.0.202011040924/tools/bin/../lib/gcc/arm-none-eabi/9.3.1/../../../../arm-none-eabi/lib/thumb/v7e-m+dp/hard\libc_nano.a(lib_a-sprintf.o)
                              Core/Src/main.o (sprintf)
c:/st/stm32cubeide_1.6.1/stm32cubeide/plugins/com.st.stm32cube.ide.mcu.externaltools.gnu-tools-for-stm32.9-2020-q2-update.win32_1.5.0.202011040924/tools/bin/../lib/gcc/arm-none-eabi/9.3.1/../../../../arm-none-eabi/lib/thumb/v7e-m+dp/hard\libc_nano.a(lib_a-strlen.o)
                              c:/st/stm32cubeide_1.6.1/stm32cubeide/plugins/com.st.stm32cube.ide.mcu.externaltools.gnu-tools-for-stm32.9-2020-q2-update.win32_1.5.0.202011040924/tools/bin/../lib/gcc/arm-none-eabi/9.3.1/../../../../arm-none-eabi/lib/thumb/v7e-m+dp/hard\libc_nano.a(lib_a-nano-vfprintf_float.o) (strlen)
c:/st/stm32cubeide_1.6.1/stm32cubeide/plugins/com.st.stm32cube.ide.mcu.externaltools.gnu-tools-for-stm32.9-2020-q2-update.win32_1.5.0.202011040924/tools/bin/../lib/gcc/arm-none-eabi/9.3.1/../../../../arm-none-eabi/lib/thumb/v7e-m+dp/hard\libc_nano.a(lib_a-dtoa.o)
[...]
Memory Configuration

Name             Origin             Length             Attributes
RAM              0x0000000020000000 0x0000000000080000 xrw
FLASH            0x0000000008000000 0x0000000000200000 xr
*default*        0x0000000000000000 0xffffffffffffffff

Linker script and memory map

LOAD c:/st/stm32cubeide_1.6.1/stm32cubeide/plugins/com.st.stm32cube.ide.mcu.externaltools.gnu-tools-for-stm32.9-2020-q2-update.win32_1.5.0.202011040924/tools/bin/../lib/gcc/arm-none-eabi/9.3.1/thumb/v7e-m+dp/hard/crti.o
LOAD c:/st/stm32cubeide_1.6.1/stm32cubeide/plugins/com.st.stm32cube.ide.mcu.externaltools.gnu-tools-for-stm32.9-2020-q2-update.win32_1.5.0.202011040924/tools/bin/../lib/gcc/arm-none-eabi/9.3.1/thumb/v7e-m+dp/hard/crtbegin.o
LOAD c:/st/stm32cubeide_1.6.1/stm32cubeide/plugins/com.st.stm32cube.ide.mcu.externaltools.gnu-tools-for-stm32.9-2020-q2-update.win32_1.5.0.202011040924/tools/bin/../lib/gcc/arm-none-eabi/9.3.1/../../../../arm-none-eabi/lib/thumb/v7e-m+dp/hard/crt0.o
LOAD Core/Src/Adafruit_AMG88xx.o
LOAD Core/Src/bilinear.o
LOAD Core/Src/fonts.o
LOAD Core/Src/main.o
LOAD Core/Src/st7735.o
LOAD Core/Src/stm32f7xx_hal_msp.o
LOAD Core/Src/stm32f7xx_it.o
LOAD Core/Src/syscalls.o
LOAD Core/Src/sysmem.o
LOAD Core/Src/system_stm32f7xx.o
LOAD Core/Startup/startup_stm32f767zitx.o
LOAD Drivers/STM32F7xx_HAL_Driver/Src/stm32f7xx_hal.o
LOAD Drivers/STM32F7xx_HAL_Driver/Src/stm32f7xx_hal_adc.o
LOAD Drivers/STM32F7xx_HAL_Driver/Src/stm32f7xx_hal_adc_ex.o
LOAD Drivers/STM32F7xx_HAL_Driver/Src/stm32f7xx_hal_cortex.o
LOAD Drivers/STM32F7xx_HAL_Driver/Src/stm32f7xx_hal_dma.o
LOAD Drivers/STM32F7xx_HAL_Driver/Src/stm32f7xx_hal_dma_ex.o
LOAD Drivers/STM32F7xx_HAL_Driver/Src/stm32f7xx_hal_exti.o
LOAD Drivers/STM32F7xx_HAL_Driver/Src/stm32f7xx_hal_flash.o
LOAD Drivers/STM32F7xx_HAL_Driver/Src/stm32f7xx_hal_flash_ex.o
LOAD Drivers/STM32F7xx_HAL_Driver/Src/stm32f7xx_hal_gpio.o
LOAD Drivers/STM32F7xx_HAL_Driver/Src/stm32f7xx_hal_i2c.o
LOAD Drivers/STM32F7xx_HAL_Driver/Src/stm32f7xx_hal_i2c_ex.o
LOAD Drivers/STM32F7xx_HAL_Driver/Src/stm32f7xx_hal_pcd.o
LOAD Drivers/STM32F7xx_HAL_Driver/Src/stm32f7xx_hal_pcd_ex.o
LOAD Drivers/STM32F7xx_HAL_Driver/Src/stm32f7xx_hal_pwr.o
LOAD Drivers/STM32F7xx_HAL_Driver/Src/stm32f7xx_hal_pwr_ex.o
LOAD Drivers/STM32F7xx_HAL_Driver/Src/stm32f7xx_hal_rcc.o
LOAD Drivers/STM32F7xx_HAL_Driver/Src/stm32f7xx_hal_rcc_ex.o
LOAD Drivers/STM32F7xx_HAL_Driver/Src/stm32f7xx_hal_spi.o
LOAD Drivers/STM32F7xx_HAL_Driver/Src/stm32f7xx_hal_spi_ex.o
LOAD Drivers/STM32F7xx_HAL_Driver/Src/stm32f7xx_hal_tim.o
LOAD Drivers/STM32F7xx_HAL_Driver/Src/stm32f7xx_hal_tim_ex.o
LOAD Drivers/STM32F7xx_HAL_Driver/Src/stm32f7xx_hal_uart.o
LOAD Drivers/STM32F7xx_HAL_Driver/Src/stm32f7xx_hal_uart_ex.o
LOAD Drivers/STM32F7xx_HAL_Driver/Src/stm32f7xx_ll_usb.o
START GROUP
LOAD c:/st/stm32cubeide_1.6.1/stm32cubeide/plugins/com.st.stm32cube.ide.mcu.externaltools.gnu-tools-for-stm32.9-2020-q2-update.win32_1.5.0.202011040924/tools/bin/../lib/gcc/arm-none-eabi/9.3.1/../../../../arm-none-eabi/lib/thumb/v7e-m+dp/hard\libc_nano.a
LOAD c:/st/stm32cubeide_1.6.1/stm32cubeide/plugins/com.st.stm32cube.ide.mcu.externaltools.gnu-tools-for-stm32.9-2020-q2-update.win32_1.5.0.202011040924/tools/bin/../lib/gcc/arm-none-eabi/9.3.1/../../../../arm-none-eabi/lib/thumb/v7e-m+dp/hard\libm.a
END GROUP
START GROUP
LOAD c:/st/stm32cubeide_1.6.1/stm32cubeide/plugins/com.st.stm32cube.ide.mcu.externaltools.gnu-tools-for-stm32.9-2020-q2-update.win32_1.5.0.202011040924/tools/bin/../lib/gcc/arm-none-eabi/9.3.1/thumb/v7e-m+dp/hard\libgcc.a
LOAD c:/st/stm32cubeide_1.6.1/stm32cubeide/plugins/com.st.stm32cube.ide.mcu.externaltools.gnu-tools-for-stm32.9-2020-q2-update.win32_1.5.0.202011040924/tools/bin/../lib/gcc/arm-none-eabi/9.3.1/../../../../arm-none-eabi/lib/thumb/v7e-m+dp/hard\libc_nano.a
END GROUP
START GROUP
LOAD c:/st/stm32cubeide_1.6.1/stm32cubeide/plugins/com.st.stm32cube.ide.mcu.externaltools.gnu-tools-for-stm32.9-2020-q2-update.win32_1.5.0.202011040924/tools/bin/../lib/gcc/arm-none-eabi/9.3.1/thumb/v7e-m+dp/hard\libgcc.a
LOAD c:/st/stm32cubeide_1.6.1/stm32cubeide/plugins/com.st.stm32cube.ide.mcu.externaltools.gnu-tools-for-stm32.9-2020-q2-update.win32_1.5.0.202011040924/tools/bin/../lib/gcc/arm-none-eabi/9.3.1/../../../../arm-none-eabi/lib/thumb/v7e-m+dp/hard\libc_nano.a
LOAD c:/st/stm32cubeide_1.6.1/stm32cubeide/plugins/com.st.stm32cube.ide.mcu.externaltools.gnu-tools-for-stm32.9-2020-q2-update.win32_1.5.0.202011040924/tools/bin/../lib/gcc/arm-none-eabi/9.3.1/../../../../arm-none-eabi/lib/thumb/v7e-m+dp/hard\libnosys.a
END GROUP
START GROUP
LOAD c:/st/stm32cubeide_1.6.1/stm32cubeide/plugins/com.st.stm32cube.ide.mcu.externaltools.gnu-tools-for-stm32.9-2020-q2-update.win32_1.5.0.202011040924/tools/bin/../lib/gcc/arm-none-eabi/9.3.1/thumb/v7e-m+dp/hard\libgcc.a
LOAD c:/st/stm32cubeide_1.6.1/stm32cubeide/plugins/com.st.stm32cube.ide.mcu.externaltools.gnu-tools-for-stm32.9-2020-q2-update.win32_1.5.0.202011040924/tools/bin/../lib/gcc/arm-none-eabi/9.3.1/../../../../arm-none-eabi/lib/thumb/v7e-m+dp/hard\libc_nano.a
LOAD c:/st/stm32cubeide_1.6.1/stm32cubeide/plugins/com.st.stm32cube.ide.mcu.externaltools.gnu-tools-for-stm32.9-2020-q2-update.win32_1.5.0.202011040924/tools/bin/../lib/gcc/arm-none-eabi/9.3.1/../../../../arm-none-eabi/lib/thumb/v7e-m+dp/hard\libnosys.a
END GROUP
LOAD c:/st/stm32cubeide_1.6.1/stm32cubeide/plugins/com.st.stm32cube.ide.mcu.externaltools.gnu-tools-for-stm32.9-2020-q2-update.win32_1.5.0.202011040924/tools/bin/../lib/gcc/arm-none-eabi/9.3.1/thumb/v7e-m+dp/hard/crtend.o
LOAD c:/st/stm32cubeide_1.6.1/stm32cubeide/plugins/com.st.stm32cube.ide.mcu.externaltools.gnu-tools-for-stm32.9-2020-q2-update.win32_1.5.0.202011040924/tools/bin/../lib/gcc/arm-none-eabi/9.3.1/thumb/v7e-m+dp/hard/crtn.o
                0x0000000020080000                _estack = (ORIGIN (RAM) + LENGTH (RAM))
                0x0000000000000200                _Min_Heap_Size = 0x200
                0x0000000000000400                _Min_Stack_Size = 0x400

.isr_vector     0x0000000008000000      0x1f8
                0x0000000008000000                . = ALIGN (0x4)
 *(.isr_vector)
 .isr_vector    0x0000000008000000      0x1f8 Core/Startup/startup_stm32f767zitx.o
                0x0000000008000000                g_pfnVectors
                0x00000000080001f8                . = ALIGN (0x4)

.text           0x0000000008000200     0x9578
                0x0000000008000200                . = ALIGN (0x4)
 *(.text)
 .text          0x0000000008000200       0x40 c:/st/stm32cubeide_1.6.1/stm32cubeide/plugins/com.st.stm32cube.ide.mcu.externaltools.gnu-tools-for-stm32.9-2020-q2-update.win32_1.5.0.202011040924/tools/bin/../lib/gcc/arm-none-eabi/9.3.1/thumb/v7e-m+dp/hard/crtbegin.o
 .text          0x0000000008000240       0x10 c:/st/stm32cubeide_1.6.1/stm32cubeide/plugins/com.st.stm32cube.ide.mcu.externaltools.gnu-tools-for-stm32.9-2020-q2-update.win32_1.5.0.202011040924/tools/bin/../lib/gcc/arm-none-eabi/9.3.1/../../../../arm-none-eabi/lib/thumb/v7e-m+dp/hard\libc_nano.a(lib_a-strlen.o)
                0x0000000008000240                strlen
 .text          0x0000000008000250       0xa0 c:/st/stm32cubeide_1.6.1/stm32cubeide/plugins/com.st.stm32cube.ide.mcu.externaltools.gnu-tools-for-stm32.9-2020-q2-update.win32_1.5.0.202011040924/tools/bin/../lib/gcc/arm-none-eabi/9.3.1/../../../../arm-none-eabi/lib/thumb/v7e-m+dp/hard\libc_nano.a(lib_a-memchr.o)
                0x0000000008000250                memchr
 .text          0x00000000080002f0       0x30 c:/st/stm32cubeide_1.6.1/stm32cubeide/plugins/com.st.stm32cube.ide.mcu.externaltools.gnu-tools-for-stm32.9-2020-q2-update.win32_1.5.0.202011040924/tools/bin/../lib/gcc/arm-none-eabi/9.3.1/thumb/v7e-m+dp/hard\libgcc.a(_aeabi_uldivmod.o)
                0x00000000080002f0                __aeabi_uldivmod
 .text          0x0000000008000320      0x2c4 c:/st/stm32cubeide_1.6.1/stm32cubeide/plugins/com.st.stm32cube.ide.mcu.externaltools.gnu-tools-for-stm32.9-2020-q2-update.win32_1.5.0.202011040924/tools/bin/../lib/gcc/arm-none-eabi/9.3.1/thumb/v7e-m+dp/hard\libgcc.a(_udivmoddi4.o)
                0x0000000008000320                __udivmoddi4
 .text          0x00000000080005e4        0x4 c:/st/stm32cubeide_1.6.1/stm32cubeide/plugins/com.st.stm32cube.ide.mcu.externaltools.gnu-tools-for-stm32.9-2020-q2-update.win32_1.5.0.202011040924/tools/bin/../lib/gcc/arm-none-eabi/9.3.1/thumb/v7e-m+dp/hard\libgcc.a(_dvmd_tls.o)
                0x00000000080005e4                __aeabi_idiv0
                0x00000000080005e4                __aeabi_ldiv0
 *(.text*)
 .text.getPCTL  0x00000000080005e8       0x18 Core/Src/Adafruit_AMG88xx.o
                0x00000000080005e8                getPCTL
 .text.getRST   0x0000000008000600       0x18 Core/Src/Adafruit_AMG88xx.o
                0x0000000008000600                getRST
 .text.getFPSC  0x0000000008000618       0x1c Core/Src/Adafruit_AMG88xx.o
                0x0000000008000618                getFPSC
 .text.getINTC  0x0000000008000634       0x38 Core/Src/Adafruit_AMG88xx.o
                0x0000000008000634                getINTC
 .text.min      0x000000000800066c       0x28 Core/Src/Adafruit_AMG88xx.o
                0x000000000800066c                min
 .text.amg88xxInit
                0x0000000008000694       0x60 Core/Src/Adafruit_AMG88xx.o
                0x0000000008000694                amg88xxInit
 .text.disableInterrupt
                0x00000000080006f4       0x24 Core/Src/Adafruit_AMG88xx.o
                0x00000000080006f4                disableInterrupt
 .text.readPixels
                0x0000000008000718       0xd8 Core/Src/Adafruit_AMG88xx.o
                0x0000000008000718                readPixels
 .text.readPixelsRaw
                0x00000000080007f0       0x1a Core/Src/Adafruit_AMG88xx.o
                0x00000000080007f0                readPixelsRaw
 .text.write8   0x000000000800080a       0x24 Core/Src/Adafruit_AMG88xx.o
                0x000000000800080a                write8
 *fill*         0x000000000800082e        0x2 
 .text.read     0x0000000008000830       0x48 Core/Src/Adafruit_AMG88xx.o
                0x0000000008000830                read
 .text.write    0x0000000008000878       0x48 Core/Src/Adafruit_AMG88xx.o
                0x0000000008000878                write
 .text.signedMag12ToFloat
                0x00000000080008c0       0x4c Core/Src/Adafruit_AMG88xx.o
                0x00000000080008c0                signedMag12ToFloat
 .text.resizeBilinearGrey
                0x000000000800090c      0x212 Core/Src/bilinear.o
                0x000000000800090c                resizeBilinearGrey
 *fill*         0x0000000008000b1e        0x2 
 .text.main     0x0000000008000b20      0x9e4 Core/Src/main.o
                0x0000000008000b20                main
 .text.SystemClock_Config
                0x0000000008001504      0x130 Core/Src/main.o
                0x0000000008001504                SystemClock_Config
 .text.MX_ADC1_Init
                0x0000000008001634       0xa8 Core/Src/main.o
 .text.MX_I2C1_Init
                0x00000000080016dc       0x80 Core/Src/main.o
 .text.MX_SPI1_Init
                0x000000000800175c       0x7c Core/Src/main.o
 .text.MX_USART3_UART_Init
                0x00000000080017d8       0x60 Core/Src/main.o
 .text.MX_USB_OTG_FS_PCD_Init
                0x0000000008001838       0x5c Core/Src/main.o
 .text.MX_GPIO_Init
                0x0000000008001894      0x2fc Core/Src/main.o
 .text.HC595_send
                0x0000000008001b90       0x90 Core/Src/main.o
                0x0000000008001b90                HC595_send
 .text.Error_Handler
                0x0000000008001c20        0xa Core/Src/main.o
                0x0000000008001c20                Error_Handler
 *fill*         0x0000000008001c2a        0x2 
 .text.ST7735_Select
                0x0000000008001c2c       0x18 Core/Src/st7735.o
 .text.ST7735_Unselect
                0x0000000008001c44       0x18 Core/Src/st7735.o
                0x0000000008001c44                ST7735_Unselect
 .text.ST7735_Reset
                0x0000000008001c5c       0x2c Core/Src/st7735.o
 .text.ST7735_WriteCommand
                0x0000000008001c88       0x34 Core/Src/st7735.o
 .text.ST7735_WriteData
                0x0000000008001cbc       0x38 Core/Src/st7735.o
 .text.ST7735_ExecuteCommandList
                0x0000000008001cf4       0x92 Core/Src/st7735.o
 .text.ST7735_SetAddressWindow
                0x0000000008001d86       0x68 Core/Src/st7735.o
 *fill*         0x0000000008001dee        0x2 
 .text.ST7735_Init
                0x0000000008001df0       0x34 Core/Src/st7735.o
                0x0000000008001df0                ST7735_Init
 .text.ST7735_DrawPixel
                0x0000000008001e24       0x68 Core/Src/st7735.o
                0x0000000008001e24                ST7735_DrawPixel
 .text.ST7735_WriteChar
                0x0000000008001e8c       0xee Core/Src/st7735.o
 .text.ST7735_WriteString
                0x0000000008001f7a       0x94 Core/Src/st7735.o
                0x0000000008001f7a                ST7735_WriteString
 *fill*         0x000000000800200e        0x2 
 .text.ST7735_FillRectangle
                0x0000000008002010       0xe8 Core/Src/st7735.o
                0x0000000008002010                ST7735_FillRectangle
 .text.ST7735_FillScreen
                0x00000000080020f8       0x22 Core/Src/st7735.o
                0x00000000080020f8                ST7735_FillScreen
 .text.ST7735_DrawImage
                0x000000000800211a       0x98 Core/Src/st7735.o
                0x000000000800211a                ST7735_DrawImage
 *fill*         0x00000000080021b2        0x2 
 .text.HAL_MspInit
                0x00000000080021b4       0x48 Core/Src/stm32f7xx_hal_msp.o
                0x00000000080021b4                HAL_MspInit
 .text.HAL_ADC_MspInit
                0x00000000080021fc       0x80 Core/Src/stm32f7xx_hal_msp.o
                0x00000000080021fc                HAL_ADC_MspInit
 .text.HAL_I2C_MspInit
                0x000000000800227c       0x88 Core/Src/stm32f7xx_hal_msp.o
                0x000000000800227c                HAL_I2C_MspInit
 .text.HAL_SPI_MspInit
                0x0000000008002304       0x88 Core/Src/stm32f7xx_hal_msp.o
                0x0000000008002304                HAL_SPI_MspInit
 .text.HAL_UART_MspInit
                0x000000000800238c       0x88 Core/Src/stm32f7xx_hal_msp.o
                0x000000000800238c                HAL_UART_MspInit
 .text.HAL_PCD_MspInit
                0x0000000008002414       0xb8 Core/Src/stm32f7xx_hal_msp.o
                0x0000000008002414                HAL_PCD_MspInit
 .text.NMI_Handler
                0x00000000080024cc        0x6 Core/Src/stm32f7xx_it.o
                0x00000000080024cc                NMI_Handler
 .text.HardFault_Handler
                0x00000000080024d2        0x6 Core/Src/stm32f7xx_it.o
                0x00000000080024d2                HardFault_Handler
 .text.MemManage_Handler
                0x00000000080024d8        0x6 Core/Src/stm32f7xx_it.o
                0x00000000080024d8                MemManage_Handler
 .text.BusFault_Handler
                0x00000000080024de        0x6 Core/Src/stm32f7xx_it.o
                0x00000000080024de                BusFault_Handler
 .text.UsageFault_Handler
                0x00000000080024e4        0x6 Core/Src/stm32f7xx_it.o
                0x00000000080024e4                UsageFault_Handler
 .text.SVC_Handler
                0x00000000080024ea        0xe Core/Src/stm32f7xx_it.o
                0x00000000080024ea                SVC_Handler
 .text.DebugMon_Handler
                0x00000000080024f8        0xe Core/Src/stm32f7xx_it.o
                0x00000000080024f8                DebugMon_Handler
 .text.PendSV_Handler
                0x0000000008002506        0xe Core/Src/stm32f7xx_it.o
                0x0000000008002506                PendSV_Handler
 .text.SysTick_Handler
                0x0000000008002514      0x270 Core/Src/stm32f7xx_it.o
                0x0000000008002514                SysTick_Handler
 .text._getpid  0x0000000008002784       0x10 Core/Src/syscalls.o
                0x0000000008002784                _getpid
 .text._kill    0x0000000008002794       0x20 Core/Src/syscalls.o
                0x0000000008002794                _kill
 .text._exit    0x00000000080027b4       0x14 Core/Src/syscalls.o
                0x00000000080027b4                _exit
 .text._read    0x00000000080027c8       0x3a Core/Src/syscalls.o
                0x00000000080027c8                _read
 .text._write   0x0000000008002802       0x38 Core/Src/syscalls.o
                0x0000000008002802                _write
 .text._close   0x000000000800283a       0x18 Core/Src/syscalls.o
                0x000000000800283a                _close
 .text._fstat   0x0000000008002852       0x20 Core/Src/syscalls.o
                0x0000000008002852                _fstat
 .text._isatty  0x0000000008002872       0x16 Core/Src/syscalls.o
                0x0000000008002872                _isatty
 .text._lseek   0x0000000008002888       0x1a Core/Src/syscalls.o
                0x0000000008002888                _lseek
 *fill*         0x00000000080028a2        0x2 
 .text._sbrk    0x00000000080028a4       0x6c Core/Src/sysmem.o
                0x00000000080028a4                _sbrk
 .text.SystemInit
                0x0000000008002910       0x24 Core/Src/system_stm32f7xx.o
                0x0000000008002910                SystemInit
 .text.Reset_Handler
                0x0000000008002934       0x50 Core/Startup/startup_stm32f767zitx.o
                0x0000000008002934                Reset_Handler
 .text.Default_Handler
                0x0000000008002984        0x2 Core/Startup/startup_stm32f767zitx.o
                0x0000000008002984                RTC_Alarm_IRQHandler
                0x0000000008002984                EXTI2_IRQHandler
                0x0000000008002984                TIM8_CC_IRQHandler
                0x0000000008002984                UART8_IRQHandler
                0x0000000008002984                SPI4_IRQHandler
                0x0000000008002984                TIM1_CC_IRQHandler
                0x0000000008002984                DMA2_Stream5_IRQHandler
                0x0000000008002984                JPEG_IRQHandler
                0x0000000008002984                DMA1_Stream5_IRQHandler
                0x0000000008002984                CAN3_RX1_IRQHandler
                0x0000000008002984                PVD_IRQHandler
                0x0000000008002984                TAMP_STAMP_IRQHandler
                0x0000000008002984                CAN2_RX1_IRQHandler
                0x0000000008002984                EXTI3_IRQHandler
                0x0000000008002984                TIM8_TRG_COM_TIM14_IRQHandler
                0x0000000008002984                DFSDM1_FLT1_IRQHandler
                0x0000000008002984                TIM1_UP_TIM10_IRQHandler
                0x0000000008002984                TIM8_UP_TIM13_IRQHandler
                0x0000000008002984                I2C3_ER_IRQHandler
                0x0000000008002984                DFSDM1_FLT2_IRQHandler
                0x0000000008002984                EXTI0_IRQHandler
                0x0000000008002984                I2C2_EV_IRQHandler
                0x0000000008002984                DMA1_Stream2_IRQHandler
                0x0000000008002984                CAN1_RX0_IRQHandler
                0x0000000008002984                FPU_IRQHandler
                0x0000000008002984                OTG_HS_WKUP_IRQHandler
                0x0000000008002984                CAN3_SCE_IRQHandler
                0x0000000008002984                LTDC_ER_IRQHandler
                0x0000000008002984                CAN2_SCE_IRQHandler
                0x0000000008002984                DMA2_Stream2_IRQHandler
                0x0000000008002984                SPI1_IRQHandler
                0x0000000008002984                TIM6_DAC_IRQHandler
                0x0000000008002984                TIM1_BRK_TIM9_IRQHandler
                0x0000000008002984                DCMI_IRQHandler
                0x0000000008002984                CAN2_RX0_IRQHandler
                0x0000000008002984                DMA2_Stream3_IRQHandler
                0x0000000008002984                SAI2_IRQHandler
                0x0000000008002984                DFSDM1_FLT3_IRQHandler
                0x0000000008002984                USART6_IRQHandler
                0x0000000008002984                CAN3_RX0_IRQHandler
                0x0000000008002984                USART3_IRQHandler
                0x0000000008002984                CAN1_RX1_IRQHandler
                0x0000000008002984                UART5_IRQHandler
                0x0000000008002984                DMA2_Stream0_IRQHandler
                0x0000000008002984                TIM4_IRQHandler
                0x0000000008002984                QUADSPI_IRQHandler
                0x0000000008002984                I2C1_EV_IRQHandler
                0x0000000008002984                DMA1_Stream6_IRQHandler
                0x0000000008002984                DMA1_Stream1_IRQHandler
                0x0000000008002984                UART4_IRQHandler
                0x0000000008002984                TIM3_IRQHandler
                0x0000000008002984                RCC_IRQHandler
                0x0000000008002984                TIM8_BRK_TIM12_IRQHandler
                0x0000000008002984                Default_Handler
                0x0000000008002984                CEC_IRQHandler
                0x0000000008002984                EXTI15_10_IRQHandler
                0x0000000008002984                ADC_IRQHandler
                0x0000000008002984                DMA1_Stream7_IRQHandler
                0x0000000008002984                SPI5_IRQHandler
                0x0000000008002984                TIM7_IRQHandler
                0x0000000008002984                SDMMC1_IRQHandler
                0x0000000008002984                CAN2_TX_IRQHandler
                0x0000000008002984                TIM5_IRQHandler
                0x0000000008002984                DMA2_Stream7_IRQHandler
                0x0000000008002984                I2C3_EV_IRQHandler
                0x0000000008002984                EXTI9_5_IRQHandler
                0x0000000008002984                RTC_WKUP_IRQHandler
                0x0000000008002984                LTDC_IRQHandler
                0x0000000008002984                ETH_WKUP_IRQHandler
                0x0000000008002984                SPDIF_RX_IRQHandler
                0x0000000008002984                SPI2_IRQHandler
                0x0000000008002984                OTG_HS_EP1_IN_IRQHandler
                0x0000000008002984                DMA1_Stream0_IRQHandler
                0x0000000008002984                CAN1_TX_IRQHandler
                0x0000000008002984                EXTI4_IRQHandler
                0x0000000008002984                RNG_IRQHandler
                0x0000000008002984                ETH_IRQHandler
                0x0000000008002984                OTG_HS_EP1_OUT_IRQHandler
                0x0000000008002984                WWDG_IRQHandler
                0x0000000008002984                SPI6_IRQHandler
                0x0000000008002984                MDIOS_IRQHandler
                0x0000000008002984                I2C4_EV_IRQHandler
                0x0000000008002984                CAN3_TX_IRQHandler
                0x0000000008002984                TIM2_IRQHandler
                0x0000000008002984                OTG_FS_WKUP_IRQHandler
                0x0000000008002984                TIM1_TRG_COM_TIM11_IRQHandler
                0x0000000008002984                OTG_HS_IRQHandler
                0x0000000008002984                DMA2D_IRQHandler
                0x0000000008002984                EXTI1_IRQHandler
                0x0000000008002984                SDMMC2_IRQHandler
                0x0000000008002984                UART7_IRQHandler
                0x0000000008002984                USART2_IRQHandler
                0x0000000008002984                DFSDM1_FLT0_IRQHandler
                0x0000000008002984                I2C2_ER_IRQHandler
                0x0000000008002984                DMA2_Stream1_IRQHandler
                0x0000000008002984                CAN1_SCE_IRQHandler
                0x0000000008002984                FLASH_IRQHandler
                0x0000000008002984                DMA2_Stream4_IRQHandler
                0x0000000008002984                USART1_IRQHandler
                0x0000000008002984                OTG_FS_IRQHandler
                0x0000000008002984                SPI3_IRQHandler
                0x0000000008002984                DMA1_Stream4_IRQHandler
                0x0000000008002984                I2C1_ER_IRQHandler
                0x0000000008002984                FMC_IRQHandler
                0x0000000008002984                LPTIM1_IRQHandler
                0x0000000008002984                I2C4_ER_IRQHandler
                0x0000000008002984                DMA2_Stream6_IRQHandler
                0x0000000008002984                SAI1_IRQHandler
                0x0000000008002984                DMA1_Stream3_IRQHandler
 .text.HAL_Init
                0x0000000008002986       0x1a Drivers/STM32F7xx_HAL_Driver/Src/stm32f7xx_hal.o
                0x0000000008002986                HAL_Init
 .text.HAL_InitTick
                0x00000000080029a0       0x60 Drivers/STM32F7xx_HAL_Driver/Src/stm32f7xx_hal.o
                0x00000000080029a0                HAL_InitTick
 .text.HAL_IncTick
                0x0000000008002a00       0x28 Drivers/STM32F7xx_HAL_Driver/Src/stm32f7xx_hal.o
                0x0000000008002a00                HAL_IncTick
 .text.HAL_GetTick
                0x0000000008002a28       0x18 Drivers/STM32F7xx_HAL_Driver/Src/stm32f7xx_hal.o
                0x0000000008002a28                HAL_GetTick
 .text.HAL_Delay
                0x0000000008002a40       0x48 Drivers/STM32F7xx_HAL_Driver/Src/stm32f7xx_hal.o
                0x0000000008002a40                HAL_Delay
 .text.HAL_ADC_Init
                0x0000000008002a88       0x88 Drivers/STM32F7xx_HAL_Driver/Src/stm32f7xx_hal_adc.o
                0x0000000008002a88                HAL_ADC_Init
 .text.HAL_ADC_ConfigChannel
                0x0000000008002b10      0x294 Drivers/STM32F7xx_HAL_Driver/Src/stm32f7xx_hal_adc.o
                0x0000000008002b10                HAL_ADC_ConfigChannel
 .text.ADC_Init
                0x0000000008002da4      0x1f4 Drivers/STM32F7xx_HAL_Driver/Src/stm32f7xx_hal_adc.o
 .text.__NVIC_SetPriorityGrouping
                0x0000000008002f98       0x48 Drivers/STM32F7xx_HAL_Driver/Src/stm32f7xx_hal_cortex.o
 .text.__NVIC_GetPriorityGrouping
                0x0000000008002fe0       0x1c Drivers/STM32F7xx_HAL_Driver/Src/stm32f7xx_hal_cortex.o
 .text.__NVIC_SetPriority
                0x0000000008002ffc       0x54 Drivers/STM32F7xx_HAL_Driver/Src/stm32f7xx_hal_cortex.o
 .text.NVIC_EncodePriority
                0x0000000008003050       0x66 Drivers/STM32F7xx_HAL_Driver/Src/stm32f7xx_hal_cortex.o
 *fill*         0x00000000080030b6        0x2 
 .text.SysTick_Config
                0x00000000080030b8       0x44 Drivers/STM32F7xx_HAL_Driver/Src/stm32f7xx_hal_cortex.o
 .text.HAL_NVIC_SetPriorityGrouping
                0x00000000080030fc       0x16 Drivers/STM32F7xx_HAL_Driver/Src/stm32f7xx_hal_cortex.o
                0x00000000080030fc                HAL_NVIC_SetPriorityGrouping
 .text.HAL_NVIC_SetPriority
                0x0000000008003112       0x38 Drivers/STM32F7xx_HAL_Driver/Src/stm32f7xx_hal_cortex.o
                0x0000000008003112                HAL_NVIC_SetPriority
 .text.HAL_SYSTICK_Config
                0x000000000800314a       0x18 Drivers/STM32F7xx_HAL_Driver/Src/stm32f7xx_hal_cortex.o
                0x000000000800314a                HAL_SYSTICK_Config
 *fill*         0x0000000008003162        0x2 
 .text.HAL_GPIO_Init
                0x0000000008003164      0x358 Drivers/STM32F7xx_HAL_Driver/Src/stm32f7xx_hal_gpio.o
                0x0000000008003164                HAL_GPIO_Init
 .text.HAL_GPIO_ReadPin
                0x00000000080034bc       0x30 Drivers/STM32F7xx_HAL_Driver/Src/stm32f7xx_hal_gpio.o
                0x00000000080034bc                HAL_GPIO_ReadPin
 .text.HAL_GPIO_WritePin
                0x00000000080034ec       0x32 Drivers/STM32F7xx_HAL_Driver/Src/stm32f7xx_hal_gpio.o
                0x00000000080034ec                HAL_GPIO_WritePin
 .text.HAL_GPIO_TogglePin
                0x000000000800351e       0x34 Drivers/STM32F7xx_HAL_Driver/Src/stm32f7xx_hal_gpio.o
                0x000000000800351e                HAL_GPIO_TogglePin
 *fill*         0x0000000008003552        0x2 
 .text.HAL_I2C_Init
                0x0000000008003554      0x120 Drivers/STM32F7xx_HAL_Driver/Src/stm32f7xx_hal_i2c.o
                0x0000000008003554                HAL_I2C_Init
 .text.HAL_I2C_Mem_Write
                0x0000000008003674      0x228 Drivers/STM32F7xx_HAL_Driver/Src/stm32f7xx_hal_i2c.o
                0x0000000008003674                HAL_I2C_Mem_Write
 .text.HAL_I2C_Mem_Read
                0x000000000800389c      0x234 Drivers/STM32F7xx_HAL_Driver/Src/stm32f7xx_hal_i2c.o
                0x000000000800389c                HAL_I2C_Mem_Read
 .text.I2C_RequestMemoryWrite
                0x0000000008003ad0       0xa8 Drivers/STM32F7xx_HAL_Driver/Src/stm32f7xx_hal_i2c.o
 .text.I2C_RequestMemoryRead
                0x0000000008003b78       0xa8 Drivers/STM32F7xx_HAL_Driver/Src/stm32f7xx_hal_i2c.o
 .text.I2C_Flush_TXDR
                0x0000000008003c20       0x48 Drivers/STM32F7xx_HAL_Driver/Src/stm32f7xx_hal_i2c.o
 .text.I2C_WaitOnFlagUntilTimeout
                0x0000000008003c68       0x80 Drivers/STM32F7xx_HAL_Driver/Src/stm32f7xx_hal_i2c.o
 .text.I2C_WaitOnTXISFlagUntilTimeout
                0x0000000008003ce8       0x80 Drivers/STM32F7xx_HAL_Driver/Src/stm32f7xx_hal_i2c.o
 .text.I2C_WaitOnSTOPFlagUntilTimeout
                0x0000000008003d68       0x78 Drivers/STM32F7xx_HAL_Driver/Src/stm32f7xx_hal_i2c.o
 .text.I2C_IsAcknowledgeFailed
                0x0000000008003de0       0xcc Drivers/STM32F7xx_HAL_Driver/Src/stm32f7xx_hal_i2c.o
 .text.I2C_TransferConfig
                0x0000000008003eac       0x5c Drivers/STM32F7xx_HAL_Driver/Src/stm32f7xx_hal_i2c.o
 .text.HAL_I2CEx_ConfigAnalogFilter
                0x0000000008003f08       0x96 Drivers/STM32F7xx_HAL_Driver/Src/stm32f7xx_hal_i2c_ex.o
                0x0000000008003f08                HAL_I2CEx_ConfigAnalogFilter
 .text.HAL_I2CEx_ConfigDigitalFilter
                0x0000000008003f9e       0x98 Drivers/STM32F7xx_HAL_Driver/Src/stm32f7xx_hal_i2c_ex.o
                0x0000000008003f9e                HAL_I2CEx_ConfigDigitalFilter
 .text.HAL_PCD_Init
                0x0000000008004036      0x248 Drivers/STM32F7xx_HAL_Driver/Src/stm32f7xx_hal_pcd.o
                0x0000000008004036                HAL_PCD_Init
 *fill*         0x000000000800427e        0x2 
 .text.HAL_PCDEx_ActivateLPM
                0x0000000008004280       0x48 Drivers/STM32F7xx_HAL_Driver/Src/stm32f7xx_hal_pcd_ex.o
                0x0000000008004280                HAL_PCDEx_ActivateLPM
 .text.HAL_PWR_EnableBkUpAccess
                0x00000000080042c8       0x20 Drivers/STM32F7xx_HAL_Driver/Src/stm32f7xx_hal_pwr.o
                0x00000000080042c8                HAL_PWR_EnableBkUpAccess
 .text.HAL_PWREx_EnableOverDrive
                0x00000000080042e8       0xa0 Drivers/STM32F7xx_HAL_Driver/Src/stm32f7xx_hal_pwr_ex.o
                0x00000000080042e8                HAL_PWREx_EnableOverDrive
 .text.HAL_RCC_OscConfig
                0x0000000008004388      0x55c Drivers/STM32F7xx_HAL_Driver/Src/stm32f7xx_hal_rcc.o
                0x0000000008004388                HAL_RCC_OscConfig
 .text.HAL_RCC_ClockConfig
                0x00000000080048e4      0x1d8 Drivers/STM32F7xx_HAL_Driver/Src/stm32f7xx_hal_rcc.o
                0x00000000080048e4                HAL_RCC_ClockConfig
 .text.HAL_RCC_GetSysClockFreq
                0x0000000008004abc      0x1c4 Drivers/STM32F7xx_HAL_Driver/Src/stm32f7xx_hal_rcc.o
                0x0000000008004abc                HAL_RCC_GetSysClockFreq
 .text.HAL_RCC_GetHCLKFreq
                0x0000000008004c80       0x18 Drivers/STM32F7xx_HAL_Driver/Src/stm32f7xx_hal_rcc.o
                0x0000000008004c80                HAL_RCC_GetHCLKFreq
 .text.HAL_RCC_GetPCLK1Freq
                0x0000000008004c98       0x28 Drivers/STM32F7xx_HAL_Driver/Src/stm32f7xx_hal_rcc.o
                0x0000000008004c98                HAL_RCC_GetPCLK1Freq
 .text.HAL_RCC_GetPCLK2Freq
                0x0000000008004cc0       0x28 Drivers/STM32F7xx_HAL_Driver/Src/stm32f7xx_hal_rcc.o
                0x0000000008004cc0                HAL_RCC_GetPCLK2Freq
 .text.HAL_RCCEx_PeriphCLKConfig
                0x0000000008004ce8      0x850 Drivers/STM32F7xx_HAL_Driver/Src/stm32f7xx_hal_rcc_ex.o
                0x0000000008004ce8                HAL_RCCEx_PeriphCLKConfig
 .text.HAL_SPI_Init
                0x0000000008005538      0x156 Drivers/STM32F7xx_HAL_Driver/Src/stm32f7xx_hal_spi.o
                0x0000000008005538                HAL_SPI_Init
 .text.HAL_SPI_Transmit
                0x000000000800568e      0x2dc Drivers/STM32F7xx_HAL_Driver/Src/stm32f7xx_hal_spi.o
                0x000000000800568e                HAL_SPI_Transmit
 *fill*         0x000000000800596a        0x2 
 .text.SPI_WaitFlagStateUntilTimeout
                0x000000000800596c      0x110 Drivers/STM32F7xx_HAL_Driver/Src/stm32f7xx_hal_spi.o
 .text.SPI_WaitFifoStateUntilTimeout
                0x0000000008005a7c      0x124 Drivers/STM32F7xx_HAL_Driver/Src/stm32f7xx_hal_spi.o
 .text.SPI_EndRxTxTransaction
                0x0000000008005ba0       0x8c Drivers/STM32F7xx_HAL_Driver/Src/stm32f7xx_hal_spi.o
 .text.HAL_UART_Init
                0x0000000008005c2c       0x9c Drivers/STM32F7xx_HAL_Driver/Src/stm32f7xx_hal_uart.o
                0x0000000008005c2c                HAL_UART_Init
 .text.HAL_UART_Transmit
                0x0000000008005cc8      0x126 Drivers/STM32F7xx_HAL_Driver/Src/stm32f7xx_hal_uart.o
                0x0000000008005cc8                HAL_UART_Transmit
 *fill*         0x0000000008005dee        0x2 
 .text.UART_SetConfig
                0x0000000008005df0      0x4c4 Drivers/STM32F7xx_HAL_Driver/Src/stm32f7xx_hal_uart.o
                0x0000000008005df0                UART_SetConfig
 .text.UART_AdvFeatureConfig
                0x00000000080062b4      0x144 Drivers/STM32F7xx_HAL_Driver/Src/stm32f7xx_hal_uart.o
                0x00000000080062b4                UART_AdvFeatureConfig
 .text.UART_CheckIdleState
                0x00000000080063f8       0x92 Drivers/STM32F7xx_HAL_Driver/Src/stm32f7xx_hal_uart.o
                0x00000000080063f8                UART_CheckIdleState
 .text.UART_WaitOnFlagUntilTimeout
                0x000000000800648a       0xf8 Drivers/STM32F7xx_HAL_Driver/Src/stm32f7xx_hal_uart.o
                0x000000000800648a                UART_WaitOnFlagUntilTimeout
 *fill*         0x0000000008006582        0x2 
 .text.USB_CoreInit
                0x0000000008006584       0xb0 Drivers/STM32F7xx_HAL_Driver/Src/stm32f7xx_ll_usb.o
                0x0000000008006584                USB_CoreInit
 .text.USB_DisableGlobalInt
                0x0000000008006634       0x22 Drivers/STM32F7xx_HAL_Driver/Src/stm32f7xx_ll_usb.o
                0x0000000008006634                USB_DisableGlobalInt
 .text.USB_SetCurrentMode
                0x0000000008006656       0x54 Drivers/STM32F7xx_HAL_Driver/Src/stm32f7xx_ll_usb.o
                0x0000000008006656                USB_SetCurrentMode
 *fill*         0x00000000080066aa        0x2 
 .text.USB_DevInit
                0x00000000080066ac      0x2dc Drivers/STM32F7xx_HAL_Driver/Src/stm32f7xx_ll_usb.o
                0x00000000080066ac                USB_DevInit
 .text.USB_FlushTxFifo
                0x0000000008006988       0x4c Drivers/STM32F7xx_HAL_Driver/Src/stm32f7xx_ll_usb.o
                0x0000000008006988                USB_FlushTxFifo
 .text.USB_FlushRxFifo
                0x00000000080069d4       0x44 Drivers/STM32F7xx_HAL_Driver/Src/stm32f7xx_ll_usb.o
                0x00000000080069d4                USB_FlushRxFifo
 .text.USB_SetDevSpeed
                0x0000000008006a18       0x32 Drivers/STM32F7xx_HAL_Driver/Src/stm32f7xx_ll_usb.o
                0x0000000008006a18                USB_SetDevSpeed
 .text.USB_DevDisconnect
                0x0000000008006a4a       0x42 Drivers/STM32F7xx_HAL_Driver/Src/stm32f7xx_ll_usb.o
                0x0000000008006a4a                USB_DevDisconnect
 .text.USB_CoreReset
                0x0000000008006a8c       0x68 Drivers/STM32F7xx_HAL_Driver/Src/stm32f7xx_ll_usb.o
 .text.__errno  0x0000000008006af4        0xc c:/st/stm32cubeide_1.6.1/stm32cubeide/plugins/com.st.stm32cube.ide.mcu.externaltools.gnu-tools-for-stm32.9-2020-q2-update.win32_1.5.0.202011040924/tools/bin/../lib/gcc/arm-none-eabi/9.3.1/../../../../arm-none-eabi/lib/thumb/v7e-m+dp/hard\libc_nano.a(lib_a-errno.o)
                0x0000000008006af4                __errno
 .text.__libc_init_array
                0x0000000008006b00       0x48 c:/st/stm32cubeide_1.6.1/stm32cubeide/plugins/com.st.stm32cube.ide.mcu.externaltools.gnu-tools-for-stm32.9-2020-q2-update.win32_1.5.0.202011040924/tools/bin/../lib/gcc/arm-none-eabi/9.3.1/../../../../arm-none-eabi/lib/thumb/v7e-m+dp/hard\libc_nano.a(lib_a-init.o)
                0x0000000008006b00                __libc_init_array
 .text.memset   0x0000000008006b48       0x10 c:/st/stm32cubeide_1.6.1/stm32cubeide/plugins/com.st.stm32cube.ide.mcu.externaltools.gnu-tools-for-stm32.9-2020-q2-update.win32_1.5.0.202011040924/tools/bin/../lib/gcc/arm-none-eabi/9.3.1/../../../../arm-none-eabi/lib/thumb/v7e-m+dp/hard\libc_nano.a(lib_a-memset.o)
                0x0000000008006b48                memset
 .text.__cvt    0x0000000008006b58       0xa4 c:/st/stm32cubeide_1.6.1/stm32cubeide/plugins/com.st.stm32cube.ide.mcu.externaltools.gnu-tools-for-stm32.9-2020-q2-update.win32_1.5.0.202011040924/tools/bin/../lib/gcc/arm-none-eabi/9.3.1/../../../../arm-none-eabi/lib/thumb/v7e-m+dp/hard\libc_nano.a(lib_a-nano-vfprintf_float.o)
                0x0000000008006b58                __cvt
 .text.__exponent
                0x0000000008006bfc       0x7c c:/st/stm32cubeide_1.6.1/stm32cubeide/plugins/com.st.stm32cube.ide.mcu.externaltools.gnu-tools-for-stm32.9-2020-q2-update.win32_1.5.0.202011040924/tools/bin/../lib/gcc/arm-none-eabi/9.3.1/../../../../arm-none-eabi/lib/thumb/v7e-m+dp/hard\libc_nano.a(lib_a-nano-vfprintf_float.o)
                0x0000000008006bfc                __exponent
 .text._printf_float
                0x0000000008006c78      0x43c c:/st/stm32cubeide_1.6.1/stm32cubeide/plugins/com.st.stm32cube.ide.mcu.externaltools.gnu-tools-for-stm32.9-2020-q2-update.win32_1.5.0.202011040924/tools/bin/../lib/gcc/arm-none-eabi/9.3.1/../../../../arm-none-eabi/lib/thumb/v7e-m+dp/hard\libc_nano.a(lib_a-nano-vfprintf_float.o)
                0x0000000008006c78                _printf_float
 .text._printf_common
                0x00000000080070b4       0xda c:/st/stm32cubeide_1.6.1/stm32cubeide/plugins/com.st.stm32cube.ide.mcu.externaltools.gnu-tools-for-stm32.9-2020-q2-update.win32_1.5.0.202011040924/tools/bin/../lib/gcc/arm-none-eabi/9.3.1/../../../../arm-none-eabi/lib/thumb/v7e-m+dp/hard\libc_nano.a(lib_a-nano-vfprintf_i.o)
                0x00000000080070b4                _printf_common
 *fill*         0x000000000800718e        0x2 
 .text._printf_i
                0x0000000008007190      0x24c c:/st/stm32cubeide_1.6.1/stm32cubeide/plugins/com.st.stm32cube.ide.mcu.externaltools.gnu-tools-for-stm32.9-2020-q2-update.win32_1.5.0.202011040924/tools/bin/../lib/gcc/arm-none-eabi/9.3.1/../../../../arm-none-eabi/lib/thumb/v7e-m+dp/hard\libc_nano.a(lib_a-nano-vfprintf_i.o)
                0x0000000008007190                _printf_i
 .text.sprintf  0x00000000080073dc       0x40 c:/st/stm32cubeide_1.6.1/stm32cubeide/plugins/com.st.stm32cube.ide.mcu.externaltools.gnu-tools-for-stm32.9-2020-q2-update.win32_1.5.0.202011040924/tools/bin/../lib/gcc/arm-none-eabi/9.3.1/../../../../arm-none-eabi/lib/thumb/v7e-m+dp/hard\libc_nano.a(lib_a-sprintf.o)
                0x00000000080073dc                siprintf
                0x00000000080073dc                sprintf
 .text.quorem   0x000000000800741c      0x116 c:/st/stm32cubeide_1.6.1/stm32cubeide/plugins/com.st.stm32cube.ide.mcu.externaltools.gnu-tools-for-stm32.9-2020-q2-update.win32_1.5.0.202011040924/tools/bin/../lib/gcc/arm-none-eabi/9.3.1/../../../../arm-none-eabi/lib/thumb/v7e-m+dp/hard\libc_nano.a(lib_a-dtoa.o)
 *fill*         0x0000000008007532        0x6 
 .text._dtoa_r  0x0000000008007538      0xb04 c:/st/stm32cubeide_1.6.1/stm32cubeide/plugins/com.st.stm32cube.ide.mcu.externaltools.gnu-tools-for-stm32.9-2020-q2-update.win32_1.5.0.202011040924/tools/bin/../lib/gcc/arm-none-eabi/9.3.1/../../../../arm-none-eabi/lib/thumb/v7e-m+dp/hard\libc_nano.a(lib_a-dtoa.o)
                0x0000000008007538                _dtoa_r
 .text._localeconv_r
                0x000000000800803c        0x8 c:/st/stm32cubeide_1.6.1/stm32cubeide/plugins/com.st.stm32cube.ide.mcu.externaltools.gnu-tools-for-stm32.9-2020-q2-update.win32_1.5.0.202011040924/tools/bin/../lib/gcc/arm-none-eabi/9.3.1/../../../../arm-none-eabi/lib/thumb/v7e-m+dp/hard\libc_nano.a(lib_a-localeconv.o)
                0x000000000800803c                _localeconv_r
 .text.malloc   0x0000000008008044       0x10 c:/st/stm32cubeide_1.6.1/stm32cubeide/plugins/com.st.stm32cube.ide.mcu.externaltools.gnu-tools-for-stm32.9-2020-q2-update.win32_1.5.0.202011040924/tools/bin/../lib/gcc/arm-none-eabi/9.3.1/../../../../arm-none-eabi/lib/thumb/v7e-m+dp/hard\libc_nano.a(lib_a-malloc.o)
                0x0000000008008044                malloc
 .text.memcpy   0x0000000008008054       0x1c c:/st/stm32cubeide_1.6.1/stm32cubeide/plugins/com.st.stm32cube.ide.mcu.externaltools.gnu-tools-for-stm32.9-2020-q2-update.win32_1.5.0.202011040924/tools/bin/../lib/gcc/arm-none-eabi/9.3.1/../../../../arm-none-eabi/lib/thumb/v7e-m+dp/hard\libc_nano.a(lib_a-memcpy-stub.o)
                0x0000000008008054                memcpy
 .text._Balloc  0x0000000008008070       0x80 c:/st/stm32cubeide_1.6.1/stm32cubeide/plugins/com.st.stm32cube.ide.mcu.externaltools.gnu-tools-for-stm32.9-2020-q2-update.win32_1.5.0.202011040924/tools/bin/../lib/gcc/arm-none-eabi/9.3.1/../../../../arm-none-eabi/lib/thumb/v7e-m+dp/hard\libc_nano.a(lib_a-mprec.o)
                0x0000000008008070                _Balloc
 .text._Bfree   0x00000000080080f0       0x44 c:/st/stm32cubeide_1.6.1/stm32cubeide/plugins/com.st.stm32cube.ide.mcu.externaltools.gnu-tools-for-stm32.9-2020-q2-update.win32_1.5.0.202011040924/tools/bin/../lib/gcc/arm-none-eabi/9.3.1/../../../../arm-none-eabi/lib/thumb/v7e-m+dp/hard\libc_nano.a(lib_a-mprec.o)
                0x00000000080080f0                _Bfree
 .text.__multadd
                0x0000000008008134       0x94 c:/st/stm32cubeide_1.6.1/stm32cubeide/plugins/com.st.stm32cube.ide.mcu.externaltools.gnu-tools-for-stm32.9-2020-q2-update.win32_1.5.0.202011040924/tools/bin/../lib/gcc/arm-none-eabi/9.3.1/../../../../arm-none-eabi/lib/thumb/v7e-m+dp/hard\libc_nano.a(lib_a-mprec.o)
                0x0000000008008134                __multadd
 .text.__hi0bits
                0x00000000080081c8       0x40 c:/st/stm32cubeide_1.6.1/stm32cubeide/plugins/com.st.stm32cube.ide.mcu.externaltools.gnu-tools-for-stm32.9-2020-q2-update.win32_1.5.0.202011040924/tools/bin/../lib/gcc/arm-none-eabi/9.3.1/../../../../arm-none-eabi/lib/thumb/v7e-m+dp/hard\libc_nano.a(lib_a-mprec.o)
                0x00000000080081c8                __hi0bits
 .text.__lo0bits
                0x0000000008008208       0x60 c:/st/stm32cubeide_1.6.1/stm32cubeide/plugins/com.st.stm32cube.ide.mcu.externaltools.gnu-tools-for-stm32.9-2020-q2-update.win32_1.5.0.202011040924/tools/bin/../lib/gcc/arm-none-eabi/9.3.1/../../../../arm-none-eabi/lib/thumb/v7e-m+dp/hard\libc_nano.a(lib_a-mprec.o)
                0x0000000008008208                __lo0bits
 .text.__i2b    0x0000000008008268       0x2c c:/st/stm32cubeide_1.6.1/stm32cubeide/plugins/com.st.stm32cube.ide.mcu.externaltools.gnu-tools-for-stm32.9-2020-q2-update.win32_1.5.0.202011040924/tools/bin/../lib/gcc/arm-none-eabi/9.3.1/../../../../arm-none-eabi/lib/thumb/v7e-m+dp/hard\libc_nano.a(lib_a-mprec.o)
                0x0000000008008268                __i2b
 .text.__multiply
                0x0000000008008294      0x14c c:/st/stm32cubeide_1.6.1/stm32cubeide/plugins/com.st.stm32cube.ide.mcu.externaltools.gnu-tools-for-stm32.9-2020-q2-update.win32_1.5.0.202011040924/tools/bin/../lib/gcc/arm-none-eabi/9.3.1/../../../../arm-none-eabi/lib/thumb/v7e-m+dp/hard\libc_nano.a(lib_a-mprec.o)
                0x0000000008008294                __multiply
 .text.__pow5mult
                0x00000000080083e0       0xb4 c:/st/stm32cubeide_1.6.1/stm32cubeide/plugins/com.st.stm32cube.ide.mcu.externaltools.gnu-tools-for-stm32.9-2020-q2-update.win32_1.5.0.202011040924/tools/bin/../lib/gcc/arm-none-eabi/9.3.1/../../../../arm-none-eabi/lib/thumb/v7e-m+dp/hard\libc_nano.a(lib_a-mprec.o)
                0x00000000080083e0                __pow5mult
 .text.__lshift
                0x0000000008008494       0xd8 c:/st/stm32cubeide_1.6.1/stm32cubeide/plugins/com.st.stm32cube.ide.mcu.externaltools.gnu-tools-for-stm32.9-2020-q2-update.win32_1.5.0.202011040924/tools/bin/../lib/gcc/arm-none-eabi/9.3.1/../../../../arm-none-eabi/lib/thumb/v7e-m+dp/hard\libc_nano.a(lib_a-mprec.o)
                0x0000000008008494                __lshift
 .text.__mcmp   0x000000000800856c       0x38 c:/st/stm32cubeide_1.6.1/stm32cubeide/plugins/com.st.stm32cube.ide.mcu.externaltools.gnu-tools-for-stm32.9-2020-q2-update.win32_1.5.0.202011040924/tools/bin/../lib/gcc/arm-none-eabi/9.3.1/../../../../arm-none-eabi/lib/thumb/v7e-m+dp/hard\libc_nano.a(lib_a-mprec.o)
                0x000000000800856c                __mcmp
 .text.__mdiff  0x00000000080085a4      0x110 c:/st/stm32cubeide_1.6.1/stm32cubeide/plugins/com.st.stm32cube.ide.mcu.externaltools.gnu-tools-for-stm32.9-2020-q2-update.win32_1.5.0.202011040924/tools/bin/../lib/gcc/arm-none-eabi/9.3.1/../../../../arm-none-eabi/lib/thumb/v7e-m+dp/hard\libc_nano.a(lib_a-mprec.o)
                0x00000000080085a4                __mdiff
 .text.__d2b    0x00000000080086b4       0xb8 c:/st/stm32cubeide_1.6.1/stm32cubeide/plugins/com.st.stm32cube.ide.mcu.externaltools.gnu-tools-for-stm32.9-2020-q2-update.win32_1.5.0.202011040924/tools/bin/../lib/gcc/arm-none-eabi/9.3.1/../../../../arm-none-eabi/lib/thumb/v7e-m+dp/hard\libc_nano.a(lib_a-mprec.o)
                0x00000000080086b4                __d2b
 .text._calloc_r
                0x000000000800876c       0x1e c:/st/stm32cubeide_1.6.1/stm32cubeide/plugins/com.st.stm32cube.ide.mcu.externaltools.gnu-tools-for-stm32.9-2020-q2-update.win32_1.5.0.202011040924/tools/bin/../lib/gcc/arm-none-eabi/9.3.1/../../../../arm-none-eabi/lib/thumb/v7e-m+dp/hard\libc_nano.a(lib_a-nano-callocr.o)
                0x000000000800876c                _calloc_r
 *fill*         0x000000000800878a        0x2 
 .text._free_r  0x000000000800878c       0xa0 c:/st/stm32cubeide_1.6.1/stm32cubeide/plugins/com.st.stm32cube.ide.mcu.externaltools.gnu-tools-for-stm32.9-2020-q2-update.win32_1.5.0.202011040924/tools/bin/../lib/gcc/arm-none-eabi/9.3.1/../../../../arm-none-eabi/lib/thumb/v7e-m+dp/hard\libc_nano.a(lib_a-nano-freer.o)
                0x000000000800878c                _free_r
 .text._malloc_r
                0x000000000800882c       0xb4 c:/st/stm32cubeide_1.6.1/stm32cubeide/plugins/com.st.stm32cube.ide.mcu.externaltools.gnu-tools-for-stm32.9-2020-q2-update.win32_1.5.0.202011040924/tools/bin/../lib/gcc/arm-none-eabi/9.3.1/../../../../arm-none-eabi/lib/thumb/v7e-m+dp/hard\libc_nano.a(lib_a-nano-mallocr.o)
                0x000000000800882c                _malloc_r
 .text.__ssputs_r
                0x00000000080088e0       0xb6 c:/st/stm32cubeide_1.6.1/stm32cubeide/plugins/com.st.stm32cube.ide.mcu.externaltools.gnu-tools-for-stm32.9-2020-q2-update.win32_1.5.0.202011040924/tools/bin/../lib/gcc/arm-none-eabi/9.3.1/../../../../arm-none-eabi/lib/thumb/v7e-m+dp/hard\libc_nano.a(lib_a-nano-svfprintf.o)
                0x00000000080088e0                __ssputs_r
 *fill*         0x0000000008008996        0x2 
 .text._svfprintf_r
                0x0000000008008998      0x200 c:/st/stm32cubeide_1.6.1/stm32cubeide/plugins/com.st.stm32cube.ide.mcu.externaltools.gnu-tools-for-stm32.9-2020-q2-update.win32_1.5.0.202011040924/tools/bin/../lib/gcc/arm-none-eabi/9.3.1/../../../../arm-none-eabi/lib/thumb/v7e-m+dp/hard\libc_nano.a(lib_a-nano-svfprintf.o)
                0x0000000008008998                _svfiprintf_r
                0x0000000008008998                _svfprintf_r
 .text._sbrk_r  0x0000000008008b98       0x20 c:/st/stm32cubeide_1.6.1/stm32cubeide/plugins/com.st.stm32cube.ide.mcu.externaltools.gnu-tools-for-stm32.9-2020-q2-update.win32_1.5.0.202011040924/tools/bin/../lib/gcc/arm-none-eabi/9.3.1/../../../../arm-none-eabi/lib/thumb/v7e-m+dp/hard\libc_nano.a(lib_a-sbrkr.o)
                0x0000000008008b98                _sbrk_r
 .text.__assert_func
                0x0000000008008bb8       0x3c c:/st/stm32cubeide_1.6.1/stm32cubeide/plugins/com.st.stm32cube.ide.mcu.externaltools.gnu-tools-for-stm32.9-2020-q2-update.win32_1.5.0.202011040924/tools/bin/../lib/gcc/arm-none-eabi/9.3.1/../../../../arm-none-eabi/lib/thumb/v7e-m+dp/hard\libc_nano.a(lib_a-assert.o)
                0x0000000008008bb8                __assert_func
 .text.fprintf  0x0000000008008bf4       0x24 c:/st/stm32cubeide_1.6.1/stm32cubeide/plugins/com.st.stm32cube.ide.mcu.externaltools.gnu-tools-for-stm32.9-2020-q2-update.win32_1.5.0.202011040924/tools/bin/../lib/gcc/arm-none-eabi/9.3.1/../../../../arm-none-eabi/lib/thumb/v7e-m+dp/hard\libc_nano.a(lib_a-fprintf.o)
                0x0000000008008bf4                fiprintf
                0x0000000008008bf4                fprintf
 .text.__ascii_mbtowc
                0x0000000008008c18       0x24 c:/st/stm32cubeide_1.6.1/stm32cubeide/plugins/com.st.stm32cube.ide.mcu.externaltools.gnu-tools-for-stm32.9-2020-q2-update.win32_1.5.0.202011040924/tools/bin/../lib/gcc/arm-none-eabi/9.3.1/../../../../arm-none-eabi/lib/thumb/v7e-m+dp/hard\libc_nano.a(lib_a-mbtowc_r.o)
                0x0000000008008c18                __ascii_mbtowc
 .text.memmove  0x0000000008008c3c       0x34 c:/st/stm32cubeide_1.6.1/stm32cubeide/plugins/com.st.stm32cube.ide.mcu.externaltools.gnu-tools-for-stm32.9-2020-q2-update.win32_1.5.0.202011040924/tools/bin/../lib/gcc/arm-none-eabi/9.3.1/../../../../arm-none-eabi/lib/thumb/v7e-m+dp/hard\libc_nano.a(lib_a-memmove.o)
                0x0000000008008c3c                memmove
 .text.__malloc_lock
                0x0000000008008c70        0xc c:/st/stm32cubeide_1.6.1/stm32cubeide/plugins/com.st.stm32cube.ide.mcu.externaltools.gnu-tools-for-stm32.9-2020-q2-update.win32_1.5.0.202011040924/tools/bin/../lib/gcc/arm-none-eabi/9.3.1/../../../../arm-none-eabi/lib/thumb/v7e-m+dp/hard\libc_nano.a(lib_a-mlock.o)
                0x0000000008008c70                __malloc_lock
 .text.__malloc_unlock
                0x0000000008008c7c        0xc c:/st/stm32cubeide_1.6.1/stm32cubeide/plugins/com.st.stm32cube.ide.mcu.externaltools.gnu-tools-for-stm32.9-2020-q2-update.win32_1.5.0.202011040924/tools/bin/../lib/gcc/arm-none-eabi/9.3.1/../../../../arm-none-eabi/lib/thumb/v7e-m+dp/hard\libc_nano.a(lib_a-mlock.o)
                0x0000000008008c7c                __malloc_unlock
 .text._realloc_r
                0x0000000008008c88       0x4c c:/st/stm32cubeide_1.6.1/stm32cubeide/plugins/com.st.stm32cube.ide.mcu.externaltools.gnu-tools-for-stm32.9-2020-q2-update.win32_1.5.0.202011040924/tools/bin/../lib/gcc/arm-none-eabi/9.3.1/../../../../arm-none-eabi/lib/thumb/v7e-m+dp/hard\libc_nano.a(lib_a-nano-reallocr.o)
                0x0000000008008c88                _realloc_r
 .text.__sfputc_r
                0x0000000008008cd4       0x2e c:/st/stm32cubeide_1.6.1/stm32cubeide/plugins/com.st.stm32cube.ide.mcu.externaltools.gnu-tools-for-stm32.9-2020-q2-update.win32_1.5.0.202011040924/tools/bin/../lib/gcc/arm-none-eabi/9.3.1/../../../../arm-none-eabi/lib/thumb/v7e-m+dp/hard\libc_nano.a(lib_a-nano-vfprintf.o)
 .text.__sfputs_r
                0x0000000008008d02       0x24 c:/st/stm32cubeide_1.6.1/stm32cubeide/plugins/com.st.stm32cube.ide.mcu.externaltools.gnu-tools-for-stm32.9-2020-q2-update.win32_1.5.0.202011040924/tools/bin/../lib/gcc/arm-none-eabi/9.3.1/../../../../arm-none-eabi/lib/thumb/v7e-m+dp/hard\libc_nano.a(lib_a-nano-vfprintf.o)
                0x0000000008008d02                __sfputs_r
 *fill*         0x0000000008008d26        0x2 
 .text._vfprintf_r
                0x0000000008008d28      0x260 c:/st/stm32cubeide_1.6.1/stm32cubeide/plugins/com.st.stm32cube.ide.mcu.externaltools.gnu-tools-for-stm32.9-2020-q2-update.win32_1.5.0.202011040924/tools/bin/../lib/gcc/arm-none-eabi/9.3.1/../../../../arm-none-eabi/lib/thumb/v7e-m+dp/hard\libc_nano.a(lib_a-nano-vfprintf.o)
                0x0000000008008d28                _vfprintf_r
                0x0000000008008d28                _vfiprintf_r
 .text.__swbuf_r
                0x0000000008008f88       0xa4 c:/st/stm32cubeide_1.6.1/stm32cubeide/plugins/com.st.stm32cube.ide.mcu.externaltools.gnu-tools-for-stm32.9-2020-q2-update.win32_1.5.0.202011040924/tools/bin/../lib/gcc/arm-none-eabi/9.3.1/../../../../arm-none-eabi/lib/thumb/v7e-m+dp/hard\libc_nano.a(lib_a-wbuf.o)
                0x0000000008008f88                __swbuf_r
 .text.__ascii_wctomb
                0x000000000800902c       0x1a c:/st/stm32cubeide_1.6.1/stm32cubeide/plugins/com.st.stm32cube.ide.mcu.externaltools.gnu-tools-for-stm32.9-2020-q2-update.win32_1.5.0.202011040924/tools/bin/../lib/gcc/arm-none-eabi/9.3.1/../../../../arm-none-eabi/lib/thumb/v7e-m+dp/hard\libc_nano.a(lib_a-wctomb_r.o)
                0x000000000800902c                __ascii_wctomb
 *fill*         0x0000000008009046        0x2 
 .text.__swsetup_r
                0x0000000008009048       0xdc c:/st/stm32cubeide_1.6.1/stm32cubeide/plugins/com.st.stm32cube.ide.mcu.externaltools.gnu-tools-for-stm32.9-2020-q2-update.win32_1.5.0.202011040924/tools/bin/../lib/gcc/arm-none-eabi/9.3.1/../../../../arm-none-eabi/lib/thumb/v7e-m+dp/hard\libc_nano.a(lib_a-wsetup.o)
                0x0000000008009048                __swsetup_r
 .text.abort    0x0000000008009124        0xe c:/st/stm32cubeide_1.6.1/stm32cubeide/plugins/com.st.stm32cube.ide.mcu.externaltools.gnu-tools-for-stm32.9-2020-q2-update.win32_1.5.0.202011040924/tools/bin/../lib/gcc/arm-none-eabi/9.3.1/../../../../arm-none-eabi/lib/thumb/v7e-m+dp/hard\libc_nano.a(lib_a-abort.o)
                0x0000000008009124                abort
 *fill*         0x0000000008009132        0x2 
 .text.__sflush_r
                0x0000000008009134      0x10c c:/st/stm32cubeide_1.6.1/stm32cubeide/plugins/com.st.stm32cube.ide.mcu.externaltools.gnu-tools-for-stm32.9-2020-q2-update.win32_1.5.0.202011040924/tools/bin/../lib/gcc/arm-none-eabi/9.3.1/../../../../arm-none-eabi/lib/thumb/v7e-m+dp/hard\libc_nano.a(lib_a-fflush.o)
                0x0000000008009134                __sflush_r
 .text._fflush_r
                0x0000000008009240       0x78 c:/st/stm32cubeide_1.6.1/stm32cubeide/plugins/com.st.stm32cube.ide.mcu.externaltools.gnu-tools-for-stm32.9-2020-q2-update.win32_1.5.0.202011040924/tools/bin/../lib/gcc/arm-none-eabi/9.3.1/../../../../arm-none-eabi/lib/thumb/v7e-m+dp/hard\libc_nano.a(lib_a-fflush.o)
                0x0000000008009240                _fflush_r
 .text.std      0x00000000080092b8       0x48 c:/st/stm32cubeide_1.6.1/stm32cubeide/plugins/com.st.stm32cube.ide.mcu.externaltools.gnu-tools-for-stm32.9-2020-q2-update.win32_1.5.0.202011040924/tools/bin/../lib/gcc/arm-none-eabi/9.3.1/../../../../arm-none-eabi/lib/thumb/v7e-m+dp/hard\libc_nano.a(lib_a-findfp.o)
 .text._cleanup_r
                0x0000000008009300        0xc c:/st/stm32cubeide_1.6.1/stm32cubeide/plugins/com.st.stm32cube.ide.mcu.externaltools.gnu-tools-for-stm32.9-2020-q2-update.win32_1.5.0.202011040924/tools/bin/../lib/gcc/arm-none-eabi/9.3.1/../../../../arm-none-eabi/lib/thumb/v7e-m+dp/hard\libc_nano.a(lib_a-findfp.o)
                0x0000000008009300                _cleanup_r
 .text.__sfmoreglue
                0x000000000800930c       0x2c c:/st/stm32cubeide_1.6.1/stm32cubeide/plugins/com.st.stm32cube.ide.mcu.externaltools.gnu-tools-for-stm32.9-2020-q2-update.win32_1.5.0.202011040924/tools/bin/../lib/gcc/arm-none-eabi/9.3.1/../../../../arm-none-eabi/lib/thumb/v7e-m+dp/hard\libc_nano.a(lib_a-findfp.o)
                0x000000000800930c                __sfmoreglue
 .text.__sfp_lock_acquire
                0x0000000008009338        0xc c:/st/stm32cubeide_1.6.1/stm32cubeide/plugins/com.st.stm32cube.ide.mcu.externaltools.gnu-tools-for-stm32.9-2020-q2-update.win32_1.5.0.202011040924/tools/bin/../lib/gcc/arm-none-eabi/9.3.1/../../../../arm-none-eabi/lib/thumb/v7e-m+dp/hard\libc_nano.a(lib_a-findfp.o)
                0x0000000008009338                __sfp_lock_acquire
 .text.__sfp_lock_release
                0x0000000008009344        0xc c:/st/stm32cubeide_1.6.1/stm32cubeide/plugins/com.st.stm32cube.ide.mcu.externaltools.gnu-tools-for-stm32.9-2020-q2-update.win32_1.5.0.202011040924/tools/bin/../lib/gcc/arm-none-eabi/9.3.1/../../../../arm-none-eabi/lib/thumb/v7e-m+dp/hard\libc_nano.a(lib_a-findfp.o)
                0x0000000008009344                __sfp_lock_release
 .text.__sinit_lock_acquire
                0x0000000008009350        0xc c:/st/stm32cubeide_1.6.1/stm32cubeide/plugins/com.st.stm32cube.ide.mcu.externaltools.gnu-tools-for-stm32.9-2020-q2-update.win32_1.5.0.202011040924/tools/bin/../lib/gcc/arm-none-eabi/9.3.1/../../../../arm-none-eabi/lib/thumb/v7e-m+dp/hard\libc_nano.a(lib_a-findfp.o)
                0x0000000008009350                __sinit_lock_acquire
 .text.__sinit_lock_release
                0x000000000800935c        0xc c:/st/stm32cubeide_1.6.1/stm32cubeide/plugins/com.st.stm32cube.ide.mcu.externaltools.gnu-tools-for-stm32.9-2020-q2-update.win32_1.5.0.202011040924/tools/bin/../lib/gcc/arm-none-eabi/9.3.1/../../../../arm-none-eabi/lib/thumb/v7e-m+dp/hard\libc_nano.a(lib_a-findfp.o)
                0x000000000800935c                __sinit_lock_release
 .text.__sinit  0x0000000008009368       0x70 c:/st/stm32cubeide_1.6.1/stm32cubeide/plugins/com.st.stm32cube.ide.mcu.externaltools.gnu-tools-for-stm32.9-2020-q2-update.win32_1.5.0.202011040924/tools/bin/../lib/gcc/arm-none-eabi/9.3.1/../../../../arm-none-eabi/lib/thumb/v7e-m+dp/hard\libc_nano.a(lib_a-findfp.o)
                0x0000000008009368                __sinit
 .text.__sfp    0x00000000080093d8       0x8c c:/st/stm32cubeide_1.6.1/stm32cubeide/plugins/com.st.stm32cube.ide.mcu.externaltools.gnu-tools-for-stm32.9-2020-q2-update.win32_1.5.0.202011040924/tools/bin/../lib/gcc/arm-none-eabi/9.3.1/../../../../arm-none-eabi/lib/thumb/v7e-m+dp/hard\libc_nano.a(lib_a-findfp.o)
                0x00000000080093d8                __sfp
 .text._fwalk_reent
                0x0000000008009464       0x3e c:/st/stm32cubeide_1.6.1/stm32cubeide/plugins/com.st.stm32cube.ide.mcu.externaltools.gnu-tools-for-stm32.9-2020-q2-update.win32_1.5.0.202011040924/tools/bin/../lib/gcc/arm-none-eabi/9.3.1/../../../../arm-none-eabi/lib/thumb/v7e-m+dp/hard\libc_nano.a(lib_a-fwalk.o)
                0x0000000008009464                _fwalk_reent
 .text.__retarget_lock_init_recursive
                0x00000000080094a2        0x2 c:/st/stm32cubeide_1.6.1/stm32cubeide/plugins/com.st.stm32cube.ide.mcu.externaltools.gnu-tools-for-stm32.9-2020-q2-update.win32_1.5.0.202011040924/tools/bin/../lib/gcc/arm-none-eabi/9.3.1/../../../../arm-none-eabi/lib/thumb/v7e-m+dp/hard\libc_nano.a(lib_a-lock.o)
                0x00000000080094a2                __retarget_lock_init_recursive
 .text.__retarget_lock_acquire_recursive
                0x00000000080094a4        0x2 c:/st/stm32cubeide_1.6.1/stm32cubeide/plugins/com.st.stm32cube.ide.mcu.externaltools.gnu-tools-for-stm32.9-2020-q2-update.win32_1.5.0.202011040924/tools/bin/../lib/gcc/arm-none-eabi/9.3.1/../../../../arm-none-eabi/lib/thumb/v7e-m+dp/hard\libc_nano.a(lib_a-lock.o)
                0x00000000080094a4                __retarget_lock_acquire_recursive
 .text.__retarget_lock_release_recursive
                0x00000000080094a6        0x2 c:/st/stm32cubeide_1.6.1/stm32cubeide/plugins/com.st.stm32cube.ide.mcu.externaltools.gnu-tools-for-stm32.9-2020-q2-update.win32_1.5.0.202011040924/tools/bin/../lib/gcc/arm-none-eabi/9.3.1/../../../../arm-none-eabi/lib/thumb/v7e-m+dp/hard\libc_nano.a(lib_a-lock.o)
                0x00000000080094a6                __retarget_lock_release_recursive
 .text.__swhatbuf_r
                0x00000000080094a8       0x48 c:/st/stm32cubeide_1.6.1/stm32cubeide/plugins/com.st.stm32cube.ide.mcu.externaltools.gnu-tools-for-stm32.9-2020-q2-update.win32_1.5.0.202011040924/tools/bin/../lib/gcc/arm-none-eabi/9.3.1/../../../../arm-none-eabi/lib/thumb/v7e-m+dp/hard\libc_nano.a(lib_a-makebuf.o)
                0x00000000080094a8                __swhatbuf_r
 .text.__smakebuf_r
                0x00000000080094f0       0x80 c:/st/stm32cubeide_1.6.1/stm32cubeide/plugins/com.st.stm32cube.ide.mcu.externaltools.gnu-tools-for-stm32.9-2020-q2-update.win32_1.5.0.202011040924/tools/bin/../lib/gcc/arm-none-eabi/9.3.1/../../../../arm-none-eabi/lib/thumb/v7e-m+dp/hard\libc_nano.a(lib_a-makebuf.o)
                0x00000000080094f0                __smakebuf_r
 .text._malloc_usable_size_r
                0x0000000008009570       0x10 c:/st/stm32cubeide_1.6.1/stm32cubeide/plugins/com.st.stm32cube.ide.mcu.externaltools.gnu-tools-for-stm32.9-2020-q2-update.win32_1.5.0.202011040924/tools/bin/../lib/gcc/arm-none-eabi/9.3.1/../../../../arm-none-eabi/lib/thumb/v7e-m+dp/hard\libc_nano.a(lib_a-nano-msizer.o)
                0x0000000008009570                _malloc_usable_size_r
 .text._raise_r
                0x0000000008009580       0x50 c:/st/stm32cubeide_1.6.1/stm32cubeide/plugins/com.st.stm32cube.ide.mcu.externaltools.gnu-tools-for-stm32.9-2020-q2-update.win32_1.5.0.202011040924/tools/bin/../lib/gcc/arm-none-eabi/9.3.1/../../../../arm-none-eabi/lib/thumb/v7e-m+dp/hard\libc_nano.a(lib_a-signal.o)
                0x0000000008009580                _raise_r
 .text.raise    0x00000000080095d0       0x10 c:/st/stm32cubeide_1.6.1/stm32cubeide/plugins/com.st.stm32cube.ide.mcu.externaltools.gnu-tools-for-stm32.9-2020-q2-update.win32_1.5.0.202011040924/tools/bin/../lib/gcc/arm-none-eabi/9.3.1/../../../../arm-none-eabi/lib/thumb/v7e-m+dp/hard\libc_nano.a(lib_a-signal.o)
                0x00000000080095d0                raise
 .text._kill_r  0x00000000080095e0       0x24 c:/st/stm32cubeide_1.6.1/stm32cubeide/plugins/com.st.stm32cube.ide.mcu.externaltools.gnu-tools-for-stm32.9-2020-q2-update.win32_1.5.0.202011040924/tools/bin/../lib/gcc/arm-none-eabi/9.3.1/../../../../arm-none-eabi/lib/thumb/v7e-m+dp/hard\libc_nano.a(lib_a-signalr.o)
                0x00000000080095e0                _kill_r
 .text._getpid_r
                0x0000000008009604        0x4 c:/st/stm32cubeide_1.6.1/stm32cubeide/plugins/com.st.stm32cube.ide.mcu.externaltools.gnu-tools-for-stm32.9-2020-q2-update.win32_1.5.0.202011040924/tools/bin/../lib/gcc/arm-none-eabi/9.3.1/../../../../arm-none-eabi/lib/thumb/v7e-m+dp/hard\libc_nano.a(lib_a-signalr.o)
                0x0000000008009604                _getpid_r
 .text.__sread  0x0000000008009608       0x22 c:/st/stm32cubeide_1.6.1/stm32cubeide/plugins/com.st.stm32cube.ide.mcu.externaltools.gnu-tools-for-stm32.9-2020-q2-update.win32_1.5.0.202011040924/tools/bin/../lib/gcc/arm-none-eabi/9.3.1/../../../../arm-none-eabi/lib/thumb/v7e-m+dp/hard\libc_nano.a(lib_a-stdio.o)
                0x0000000008009608                __sread
 .text.__swrite
                0x000000000800962a       0x38 c:/st/stm32cubeide_1.6.1/stm32cubeide/plugins/com.st.stm32cube.ide.mcu.externaltools.gnu-tools-for-stm32.9-2020-q2-update.win32_1.5.0.202011040924/tools/bin/../lib/gcc/arm-none-eabi/9.3.1/../../../../arm-none-eabi/lib/thumb/v7e-m+dp/hard\libc_nano.a(lib_a-stdio.o)
                0x000000000800962a                __swrite
 .text.__sseek  0x0000000008009662       0x24 c:/st/stm32cubeide_1.6.1/stm32cubeide/plugins/com.st.stm32cube.ide.mcu.externaltools.gnu-tools-for-stm32.9-2020-q2-update.win32_1.5.0.202011040924/tools/bin/../lib/gcc/arm-none-eabi/9.3.1/../../../../arm-none-eabi/lib/thumb/v7e-m+dp/hard\libc_nano.a(lib_a-stdio.o)
                0x0000000008009662                __sseek
 .text.__sclose
                0x0000000008009686        0x8 c:/st/stm32cubeide_1.6.1/stm32cubeide/plugins/com.st.stm32cube.ide.mcu.externaltools.gnu-tools-for-stm32.9-2020-q2-update.win32_1.5.0.202011040924/tools/bin/../lib/gcc/arm-none-eabi/9.3.1/../../../../arm-none-eabi/lib/thumb/v7e-m+dp/hard\libc_nano.a(lib_a-stdio.o)
                0x0000000008009686                __sclose
 *fill*         0x000000000800968e        0x2 
 .text._write_r
                0x0000000008009690       0x24 c:/st/stm32cubeide_1.6.1/stm32cubeide/plugins/com.st.stm32cube.ide.mcu.externaltools.gnu-tools-for-stm32.9-2020-q2-update.win32_1.5.0.202011040924/tools/bin/../lib/gcc/arm-none-eabi/9.3.1/../../../../arm-none-eabi/lib/thumb/v7e-m+dp/hard\libc_nano.a(lib_a-writer.o)
                0x0000000008009690                _write_r
 .text._close_r
                0x00000000080096b4       0x20 c:/st/stm32cubeide_1.6.1/stm32cubeide/plugins/com.st.stm32cube.ide.mcu.externaltools.gnu-tools-for-stm32.9-2020-q2-update.win32_1.5.0.202011040924/tools/bin/../lib/gcc/arm-none-eabi/9.3.1/../../../../arm-none-eabi/lib/thumb/v7e-m+dp/hard\libc_nano.a(lib_a-closer.o)
                0x00000000080096b4                _close_r
 .text._fstat_r
                0x00000000080096d4       0x24 c:/st/stm32cubeide_1.6.1/stm32cubeide/plugins/com.st.stm32cube.ide.mcu.externaltools.gnu-tools-for-stm32.9-2020-q2-update.win32_1.5.0.202011040924/tools/bin/../lib/gcc/arm-none-eabi/9.3.1/../../../../arm-none-eabi/lib/thumb/v7e-m+dp/hard\libc_nano.a(lib_a-fstatr.o)
                0x00000000080096d4                _fstat_r
 .text._isatty_r
                0x00000000080096f8       0x20 c:/st/stm32cubeide_1.6.1/stm32cubeide/plugins/com.st.stm32cube.ide.mcu.externaltools.gnu-tools-for-stm32.9-2020-q2-update.win32_1.5.0.202011040924/tools/bin/../lib/gcc/arm-none-eabi/9.3.1/../../../../arm-none-eabi/lib/thumb/v7e-m+dp/hard\libc_nano.a(lib_a-isattyr.o)
                0x00000000080096f8                _isatty_r
 .text._lseek_r
                0x0000000008009718       0x24 c:/st/stm32cubeide_1.6.1/stm32cubeide/plugins/com.st.stm32cube.ide.mcu.externaltools.gnu-tools-for-stm32.9-2020-q2-update.win32_1.5.0.202011040924/tools/bin/../lib/gcc/arm-none-eabi/9.3.1/../../../../arm-none-eabi/lib/thumb/v7e-m+dp/hard\libc_nano.a(lib_a-lseekr.o)
                0x0000000008009718                _lseek_r
 .text._read_r  0x000000000800973c       0x24 c:/st/stm32cubeide_1.6.1/stm32cubeide/plugins/com.st.stm32cube.ide.mcu.externaltools.gnu-tools-for-stm32.9-2020-q2-update.win32_1.5.0.202011040924/tools/bin/../lib/gcc/arm-none-eabi/9.3.1/../../../../arm-none-eabi/lib/thumb/v7e-m+dp/hard\libc_nano.a(lib_a-readr.o)
                0x000000000800973c                _read_r
 *(.glue_7)
 .glue_7        0x0000000008009760        0x0 linker stubs
 *(.glue_7t)
 .glue_7t       0x0000000008009760        0x0 linker stubs
 *(.eh_frame)
 .eh_frame      0x0000000008009760        0x0 c:/st/stm32cubeide_1.6.1/stm32cubeide/plugins/com.st.stm32cube.ide.mcu.externaltools.gnu-tools-for-stm32.9-2020-q2-update.win32_1.5.0.202011040924/tools/bin/../lib/gcc/arm-none-eabi/9.3.1/thumb/v7e-m+dp/hard/crtbegin.o
 *(.init)
 .init          0x0000000008009760        0x4 c:/st/stm32cubeide_1.6.1/stm32cubeide/plugins/com.st.stm32cube.ide.mcu.externaltools.gnu-tools-for-stm32.9-2020-q2-update.win32_1.5.0.202011040924/tools/bin/../lib/gcc/arm-none-eabi/9.3.1/thumb/v7e-m+dp/hard/crti.o
                0x0000000008009760                _init
 .init          0x0000000008009764        0x8 c:/st/stm32cubeide_1.6.1/stm32cubeide/plugins/com.st.stm32cube.ide.mcu.externaltools.gnu-tools-for-stm32.9-2020-q2-update.win32_1.5.0.202011040924/tools/bin/../lib/gcc/arm-none-eabi/9.3.1/thumb/v7e-m+dp/hard/crtn.o
 *(.fini)
 .fini          0x000000000800976c        0x4 c:/st/stm32cubeide_1.6.1/stm32cubeide/plugins/com.st.stm32cube.ide.mcu.externaltools.gnu-tools-for-stm32.9-2020-q2-update.win32_1.5.0.202011040924/tools/bin/../lib/gcc/arm-none-eabi/9.3.1/thumb/v7e-m+dp/hard/crti.o
                0x000000000800976c                _fini
 .fini          0x0000000008009770        0x8 c:/st/stm32cubeide_1.6.1/stm32cubeide/plugins/com.st.stm32cube.ide.mcu.externaltools.gnu-tools-for-stm32.9-2020-q2-update.win32_1.5.0.202011040924/tools/bin/../lib/gcc/arm-none-eabi/9.3.1/thumb/v7e-m+dp/hard/crtn.o
                0x0000000008009778                . = ALIGN (0x4)
                0x0000000008009778                _etext = .

.vfp11_veneer   0x0000000008009778        0x0
 .vfp11_veneer  0x0000000008009778        0x0 linker stubs

.v4_bx          0x0000000008009778        0x0
 .v4_bx         0x0000000008009778        0x0 linker stubs

.iplt           0x0000000008009778        0x0
 .iplt          0x0000000008009778        0x0 c:/st/stm32cubeide_1.6.1/stm32cubeide/plugins/com.st.stm32cube.ide.mcu.externaltools.gnu-tools-for-stm32.9-2020-q2-update.win32_1.5.0.202011040924/tools/bin/../lib/gcc/arm-none-eabi/9.3.1/thumb/v7e-m+dp/hard/crtbegin.o

.rodata         0x0000000008009778    0x1245c
                0x0000000008009778                . = ALIGN (0x4)
 *(.rodata)
 .rodata        0x0000000008009778       0xcd Core/Src/main.o
 *(.rodata*)
 *fill*         0x0000000008009845        0x3 
 .rodata.Font7x10
                0x0000000008009848      0x76c Core/Src/fonts.o
 .rodata.Font11x18
                0x0000000008009fb4      0xd5c Core/Src/fonts.o
 .rodata.Font16x26
                0x000000000800ad10     0x134c Core/Src/fonts.o
 .rodata.lcd_image_electronica
                0x000000000800c05c     0x8000 Core/Src/main.o
                0x000000000800c05c                lcd_image_electronica
 .rodata.lcd_image_atom
                0x000000000801405c     0x7400 Core/Src/main.o
                0x000000000801405c                lcd_image_atom
 .rodata.scaleColors
                0x000000000801b45c      0x104 Core/Src/main.o
                0x000000000801b45c                scaleColors
 .rodata.camColors
                0x000000000801b560      0x200 Core/Src/main.o
                0x000000000801b560                camColors
 .rodata.init_cmds1
                0x000000000801b760       0x3b Core/Src/st7735.o
 *fill*         0x000000000801b79b        0x1 
 .rodata.init_cmds2
                0x000000000801b79c        0xd Core/Src/st7735.o
 *fill*         0x000000000801b7a9        0x3 
 .rodata.init_cmds3
                0x000000000801b7ac       0x2b Core/Src/st7735.o
 *fill*         0x000000000801b7d7        0x1 
 .rodata.AHBPrescTable
                0x000000000801b7d8       0x10 Core/Src/system_stm32f7xx.o
                0x000000000801b7d8                AHBPrescTable
 .rodata.APBPrescTable
                0x000000000801b7e8        0x8 Core/Src/system_stm32f7xx.o
                0x000000000801b7e8                APBPrescTable
 .rodata._global_impure_ptr
                0x000000000801b7f0        0x4 c:/st/stm32cubeide_1.6.1/stm32cubeide/plugins/com.st.stm32cube.ide.mcu.externaltools.gnu-tools-for-stm32.9-2020-q2-update.win32_1.5.0.202011040924/tools/bin/../lib/gcc/arm-none-eabi/9.3.1/../../../../arm-none-eabi/lib/thumb/v7e-m+dp/hard\libc_nano.a(lib_a-impure.o)
                0x000000000801b7f0                _global_impure_ptr
 .rodata._printf_float.str1.1
                0x000000000801b7f4       0x12 c:/st/stm32cubeide_1.6.1/stm32cubeide/plugins/com.st.stm32cube.ide.mcu.externaltools.gnu-tools-for-stm32.9-2020-q2-update.win32_1.5.0.202011040924/tools/bin/../lib/gcc/arm-none-eabi/9.3.1/../../../../arm-none-eabi/lib/thumb/v7e-m+dp/hard\libc_nano.a(lib_a-nano-vfprintf_float.o)
 .rodata._printf_i.str1.1
                0x000000000801b806       0x22 c:/st/stm32cubeide_1.6.1/stm32cubeide/plugins/com.st.stm32cube.ide.mcu.externaltools.gnu-tools-for-stm32.9-2020-q2-update.win32_1.5.0.202011040924/tools/bin/../lib/gcc/arm-none-eabi/9.3.1/../../../../arm-none-eabi/lib/thumb/v7e-m+dp/hard\libc_nano.a(lib_a-nano-vfprintf_i.o)
 .rodata._dtoa_r.str1.1
                0x000000000801b828       0x94 c:/st/stm32cubeide_1.6.1/stm32cubeide/plugins/com.st.stm32cube.ide.mcu.externaltools.gnu-tools-for-stm32.9-2020-q2-update.win32_1.5.0.202011040924/tools/bin/../lib/gcc/arm-none-eabi/9.3.1/../../../../arm-none-eabi/lib/thumb/v7e-m+dp/hard\libc_nano.a(lib_a-dtoa.o)
                                         0x96 (size before relaxing)
 .rodata._Balloc.str1.1
                0x000000000801b8bc       0x60 c:/st/stm32cubeide_1.6.1/stm32cubeide/plugins/com.st.stm32cube.ide.mcu.externaltools.gnu-tools-for-stm32.9-2020-q2-update.win32_1.5.0.202011040924/tools/bin/../lib/gcc/arm-none-eabi/9.3.1/../../../../arm-none-eabi/lib/thumb/v7e-m+dp/hard\libc_nano.a(lib_a-mprec.o)
                                         0x77 (size before relaxing)
 .rodata.__multadd.str1.1
                0x000000000801b91c       0x11 c:/st/stm32cubeide_1.6.1/stm32cubeide/plugins/com.st.stm32cube.ide.mcu.externaltools.gnu-tools-for-stm32.9-2020-q2-update.win32_1.5.0.202011040924/tools/bin/../lib/gcc/arm-none-eabi/9.3.1/../../../../arm-none-eabi/lib/thumb/v7e-m+dp/hard\libc_nano.a(lib_a-mprec.o)
 *fill*         0x000000000801b91c        0x4 
 .rodata.__mprec_bigtens
                0x000000000801b920       0x28 c:/st/stm32cubeide_1.6.1/stm32cubeide/plugins/com.st.stm32cube.ide.mcu.externaltools.gnu-tools-for-stm32.9-2020-q2-update.win32_1.5.0.202011040924/tools/bin/../lib/gcc/arm-none-eabi/9.3.1/../../../../arm-none-eabi/lib/thumb/v7e-m+dp/hard\libc_nano.a(lib_a-mprec.o)
                0x000000000801b920                __mprec_bigtens
 .rodata.__mprec_tens
                0x000000000801b948       0xc8 c:/st/stm32cubeide_1.6.1/stm32cubeide/plugins/com.st.stm32cube.ide.mcu.externaltools.gnu-tools-for-stm32.9-2020-q2-update.win32_1.5.0.202011040924/tools/bin/../lib/gcc/arm-none-eabi/9.3.1/../../../../arm-none-eabi/lib/thumb/v7e-m+dp/hard\libc_nano.a(lib_a-mprec.o)
                0x000000000801b948                __mprec_tens
 .rodata.p05.7513
                0x000000000801ba10        0xc c:/st/stm32cubeide_1.6.1/stm32cubeide/plugins/com.st.stm32cube.ide.mcu.externaltools.gnu-tools-for-stm32.9-2020-q2-update.win32_1.5.0.202011040924/tools/bin/../lib/gcc/arm-none-eabi/9.3.1/../../../../arm-none-eabi/lib/thumb/v7e-m+dp/hard\libc_nano.a(lib_a-mprec.o)
 .rodata._svfprintf_r.str1.1
                0x000000000801ba1c       0x11 c:/st/stm32cubeide_1.6.1/stm32cubeide/plugins/com.st.stm32cube.ide.mcu.externaltools.gnu-tools-for-stm32.9-2020-q2-update.win32_1.5.0.202011040924/tools/bin/../lib/gcc/arm-none-eabi/9.3.1/../../../../arm-none-eabi/lib/thumb/v7e-m+dp/hard\libc_nano.a(lib_a-nano-svfprintf.o)
 .rodata.__assert_func.str1.1
                0x000000000801ba2d       0x3c c:/st/stm32cubeide_1.6.1/stm32cubeide/plugins/com.st.stm32cube.ide.mcu.externaltools.gnu-tools-for-stm32.9-2020-q2-update.win32_1.5.0.202011040924/tools/bin/../lib/gcc/arm-none-eabi/9.3.1/../../../../arm-none-eabi/lib/thumb/v7e-m+dp/hard\libc_nano.a(lib_a-assert.o)
                                         0x3d (size before relaxing)
 .rodata._setlocale_r.str1.1
                0x000000000801ba69        0x8 c:/st/stm32cubeide_1.6.1/stm32cubeide/plugins/com.st.stm32cube.ide.mcu.externaltools.gnu-tools-for-stm32.9-2020-q2-update.win32_1.5.0.202011040924/tools/bin/../lib/gcc/arm-none-eabi/9.3.1/../../../../arm-none-eabi/lib/thumb/v7e-m+dp/hard\libc_nano.a(lib_a-locale.o)
                                          0x9 (size before relaxing)
 .rodata.str1.1
                0x000000000801ba71        0x2 c:/st/stm32cubeide_1.6.1/stm32cubeide/plugins/com.st.stm32cube.ide.mcu.externaltools.gnu-tools-for-stm32.9-2020-q2-update.win32_1.5.0.202011040924/tools/bin/../lib/gcc/arm-none-eabi/9.3.1/../../../../arm-none-eabi/lib/thumb/v7e-m+dp/hard\libc_nano.a(lib_a-locale.o)
 .rodata._vfprintf_r.str1.1
                0x000000000801ba73       0x11 c:/st/stm32cubeide_1.6.1/stm32cubeide/plugins/com.st.stm32cube.ide.mcu.externaltools.gnu-tools-for-stm32.9-2020-q2-update.win32_1.5.0.202011040924/tools/bin/../lib/gcc/arm-none-eabi/9.3.1/../../../../arm-none-eabi/lib/thumb/v7e-m+dp/hard\libc_nano.a(lib_a-nano-vfprintf.o)
 .rodata._ctype_
                0x000000000801ba73      0x101 c:/st/stm32cubeide_1.6.1/stm32cubeide/plugins/com.st.stm32cube.ide.mcu.externaltools.gnu-tools-for-stm32.9-2020-q2-update.win32_1.5.0.202011040924/tools/bin/../lib/gcc/arm-none-eabi/9.3.1/../../../../arm-none-eabi/lib/thumb/v7e-m+dp/hard\libc_nano.a(lib_a-ctype_.o)
                0x000000000801ba73                _ctype_
 .rodata.__sf_fake_stderr
                0x000000000801bb74       0x20 c:/st/stm32cubeide_1.6.1/stm32cubeide/plugins/com.st.stm32cube.ide.mcu.externaltools.gnu-tools-for-stm32.9-2020-q2-update.win32_1.5.0.202011040924/tools/bin/../lib/gcc/arm-none-eabi/9.3.1/../../../../arm-none-eabi/lib/thumb/v7e-m+dp/hard\libc_nano.a(lib_a-findfp.o)
                0x000000000801bb74                __sf_fake_stderr
 .rodata.__sf_fake_stdin
                0x000000000801bb94       0x20 c:/st/stm32cubeide_1.6.1/stm32cubeide/plugins/com.st.stm32cube.ide.mcu.externaltools.gnu-tools-for-stm32.9-2020-q2-update.win32_1.5.0.202011040924/tools/bin/../lib/gcc/arm-none-eabi/9.3.1/../../../../arm-none-eabi/lib/thumb/v7e-m+dp/hard\libc_nano.a(lib_a-findfp.o)
                0x000000000801bb94                __sf_fake_stdin
 .rodata.__sf_fake_stdout
                0x000000000801bbb4       0x20 c:/st/stm32cubeide_1.6.1/stm32cubeide/plugins/com.st.stm32cube.ide.mcu.externaltools.gnu-tools-for-stm32.9-2020-q2-update.win32_1.5.0.202011040924/tools/bin/../lib/gcc/arm-none-eabi/9.3.1/../../../../arm-none-eabi/lib/thumb/v7e-m+dp/hard\libc_nano.a(lib_a-findfp.o)
                0x000000000801bbb4                __sf_fake_stdout
                0x000000000801bbd4                . = ALIGN (0x4)

.ARM.extab      0x000000000801bbd4        0x0
                0x000000000801bbd4                . = ALIGN (0x4)
 *(.ARM.extab* .gnu.linkonce.armextab.*)
                0x000000000801bbd4                . = ALIGN (0x4)

.ARM            0x000000000801bbd4        0x8
                0x000000000801bbd4                . = ALIGN (0x4)
                0x000000000801bbd4                __exidx_start = .
 *(.ARM.exidx*)
 .ARM.exidx     0x000000000801bbd4        0x8 c:/st/stm32cubeide_1.6.1/stm32cubeide/plugins/com.st.stm32cube.ide.mcu.externaltools.gnu-tools-for-stm32.9-2020-q2-update.win32_1.5.0.202011040924/tools/bin/../lib/gcc/arm-none-eabi/9.3.1/thumb/v7e-m+dp/hard\libgcc.a(_udivmoddi4.o)
                0x000000000801bbdc                __exidx_end = .
                0x000000000801bbdc                . = ALIGN (0x4)

.rel.dyn        0x000000000801bbdc        0x0
 .rel.iplt      0x000000000801bbdc        0x0 c:/st/stm32cubeide_1.6.1/stm32cubeide/plugins/com.st.stm32cube.ide.mcu.externaltools.gnu-tools-for-stm32.9-2020-q2-update.win32_1.5.0.202011040924/tools/bin/../lib/gcc/arm-none-eabi/9.3.1/thumb/v7e-m+dp/hard/crtbegin.o

.preinit_array  0x000000000801bbdc        0x0
                0x000000000801bbdc                . = ALIGN (0x4)
                0x000000000801bbdc                PROVIDE (__preinit_array_start = .)
 *(.preinit_array*)
                0x000000000801bbdc                PROVIDE (__preinit_array_end = .)
                0x000000000801bbdc                . = ALIGN (0x4)

.init_array     0x000000000801bbdc        0x4
                0x000000000801bbdc                . = ALIGN (0x4)
                0x000000000801bbdc                PROVIDE (__init_array_start = .)
 *(SORT_BY_NAME(.init_array.*))
 *(.init_array*)
 .init_array    0x000000000801bbdc        0x4 c:/st/stm32cubeide_1.6.1/stm32cubeide/plugins/com.st.stm32cube.ide.mcu.externaltools.gnu-tools-for-stm32.9-2020-q2-update.win32_1.5.0.202011040924/tools/bin/../lib/gcc/arm-none-eabi/9.3.1/thumb/v7e-m+dp/hard/crtbegin.o
                0x000000000801bbe0                PROVIDE (__init_array_end = .)
                0x000000000801bbe0                . = ALIGN (0x4)

.fini_array     0x000000000801bbe0        0x4
                0x000000000801bbe0                . = ALIGN (0x4)
                [!provide]                        PROVIDE (__fini_array_start = .)
 *(SORT_BY_NAME(.fini_array.*))
 *(.fini_array*)
 .fini_array    0x000000000801bbe0        0x4 c:/st/stm32cubeide_1.6.1/stm32cubeide/plugins/com.st.stm32cube.ide.mcu.externaltools.gnu-tools-for-stm32.9-2020-q2-update.win32_1.5.0.202011040924/tools/bin/../lib/gcc/arm-none-eabi/9.3.1/thumb/v7e-m+dp/hard/crtbegin.o
                [!provide]                        PROVIDE (__fini_array_end = .)
                0x000000000801bbe4                . = ALIGN (0x4)
                0x000000000801bbe4                _sidata = LOADADDR (.data)

.data           0x0000000020000000      0x264 load address 0x000000000801bbe4
                0x0000000020000000                . = ALIGN (0x4)
                0x0000000020000000                _sdata = .
 *(.data)
 *(.data*)
 .data.Font_7x10
                0x0000000020000000        0x8 Core/Src/fonts.o
                0x0000000020000000                Font_7x10
 .data.Font_11x18
                0x0000000020000008        0x8 Core/Src/fonts.o
                0x0000000020000008                Font_11x18
 .data.Font_16x26
                0x0000000020000010        0x8 Core/Src/fonts.o
                0x0000000020000010                Font_16x26
 .data.kurX     0x0000000020000018        0x2 Core/Src/main.o
                0x0000000020000018                kurX
 .data.kurY     0x000000002000001a        0x2 Core/Src/main.o
                0x000000002000001a                kurY
 .data.menuEnter
                0x000000002000001c        0x1 Core/Src/main.o
                0x000000002000001c                menuEnter
 *fill*         0x000000002000001d        0x3 
 .data.pressBut
                0x0000000020000020       0x1e Core/Src/main.o
                0x0000000020000020                pressBut
 *fill*         0x000000002000003e        0x2 
 .data.tempKur  0x0000000020000040       0x40 Core/Src/main.o
                0x0000000020000040                tempKur
 .data.led_595  0x0000000020000080        0x8 Core/Src/main.o
                0x0000000020000080                led_595
 .data.SystemCoreClock
                0x0000000020000088        0x4 Core/Src/system_stm32f7xx.o
                0x0000000020000088                SystemCoreClock
 .data.uwTickPrio
                0x000000002000008c        0x4 Drivers/STM32F7xx_HAL_Driver/Src/stm32f7xx_hal.o
                0x000000002000008c                uwTickPrio
 .data.uwTickFreq
                0x0000000020000090        0x1 Drivers/STM32F7xx_HAL_Driver/Src/stm32f7xx_hal.o
                0x0000000020000090                uwTickFreq
 *fill*         0x0000000020000091        0x3 
 .data._impure_ptr
                0x0000000020000094        0x4 c:/st/stm32cubeide_1.6.1/stm32cubeide/plugins/com.st.stm32cube.ide.mcu.externaltools.gnu-tools-for-stm32.9-2020-q2-update.win32_1.5.0.202011040924/tools/bin/../lib/gcc/arm-none-eabi/9.3.1/../../../../arm-none-eabi/lib/thumb/v7e-m+dp/hard\libc_nano.a(lib_a-impure.o)
                0x0000000020000094                _impure_ptr
 .data.impure_data
                0x0000000020000098       0x60 c:/st/stm32cubeide_1.6.1/stm32cubeide/plugins/com.st.stm32cube.ide.mcu.externaltools.gnu-tools-for-stm32.9-2020-q2-update.win32_1.5.0.202011040924/tools/bin/../lib/gcc/arm-none-eabi/9.3.1/../../../../arm-none-eabi/lib/thumb/v7e-m+dp/hard\libc_nano.a(lib_a-impure.o)
 .data.__global_locale
                0x00000000200000f8      0x16c c:/st/stm32cubeide_1.6.1/stm32cubeide/plugins/com.st.stm32cube.ide.mcu.externaltools.gnu-tools-for-stm32.9-2020-q2-update.win32_1.5.0.202011040924/tools/bin/../lib/gcc/arm-none-eabi/9.3.1/../../../../arm-none-eabi/lib/thumb/v7e-m+dp/hard\libc_nano.a(lib_a-locale.o)
                0x00000000200000f8                __global_locale
 *(.RamFunc)
 *(.RamFunc*)
                0x0000000020000264                . = ALIGN (0x4)
                0x0000000020000264                _edata = .

.igot.plt       0x0000000020000264        0x0 load address 0x000000000801be48
 .igot.plt      0x0000000020000264        0x0 c:/st/stm32cubeide_1.6.1/stm32cubeide/plugins/com.st.stm32cube.ide.mcu.externaltools.gnu-tools-for-stm32.9-2020-q2-update.win32_1.5.0.202011040924/tools/bin/../lib/gcc/arm-none-eabi/9.3.1/thumb/v7e-m+dp/hard/crtbegin.o
                0x0000000020000264                . = ALIGN (0x4)

.bss            0x0000000020000264     0x91e4 load address 0x000000000801be48
                0x0000000020000264                _sbss = .
                0x0000000020000264                __bss_start__ = _sbss
 *(.bss)
 .bss           0x0000000020000264       0x1c c:/st/stm32cubeide_1.6.1/stm32cubeide/plugins/com.st.stm32cube.ide.mcu.externaltools.gnu-tools-for-stm32.9-2020-q2-update.win32_1.5.0.202011040924/tools/bin/../lib/gcc/arm-none-eabi/9.3.1/thumb/v7e-m+dp/hard/crtbegin.o
 *(.bss*)
 .bss.screen    0x0000000020000280        0x1 Core/Src/main.o
                0x0000000020000280                screen
 .bss.menu      0x0000000020000281        0x1 Core/Src/main.o
                0x0000000020000281                menu
 .bss.test      0x0000000020000282        0x1 Core/Src/main.o
                0x0000000020000282                test
 .bss.but       0x0000000020000283        0x1 Core/Src/main.o
                0x0000000020000283                but
 .bss.led       0x0000000020000284        0x1 Core/Src/main.o
                0x0000000020000284                led
 .bss.tLed      0x0000000020000285        0x1 Core/Src/main.o
                0x0000000020000285                tLed
 *fill*         0x0000000020000286        0x2 
 .bss.ch        0x0000000020000288       0x40 Core/Src/main.o
                0x0000000020000288                ch
 .bss.lostBut   0x00000000200002c8        0x1 Core/Src/main.o
                0x00000000200002c8                lostBut
 *fill*         0x00000000200002c9        0x3 
 .bss.tt        0x00000000200002cc        0x4 Core/Src/stm32f7xx_it.o
                0x00000000200002cc                tt
 .bss.buttPer   0x00000000200002d0        0x1 Core/Src/stm32f7xx_it.o
                0x00000000200002d0                buttPer
 *fill*         0x00000000200002d1        0x3 
 .bss.__sbrk_heap_end
                0x00000000200002d4        0x4 Core/Src/sysmem.o
 .bss.__malloc_free_list
                0x00000000200002d8        0x4 c:/st/stm32cubeide_1.6.1/stm32cubeide/plugins/com.st.stm32cube.ide.mcu.externaltools.gnu-tools-for-stm32.9-2020-q2-update.win32_1.5.0.202011040924/tools/bin/../lib/gcc/arm-none-eabi/9.3.1/../../../../arm-none-eabi/lib/thumb/v7e-m+dp/hard\libc_nano.a(lib_a-nano-mallocr.o)
                0x00000000200002d8                __malloc_free_list
 .bss.__malloc_sbrk_start
                0x00000000200002dc        0x4 c:/st/stm32cubeide_1.6.1/stm32cubeide/plugins/com.st.stm32cube.ide.mcu.externaltools.gnu-tools-for-stm32.9-2020-q2-update.win32_1.5.0.202011040924/tools/bin/../lib/gcc/arm-none-eabi/9.3.1/../../../../arm-none-eabi/lib/thumb/v7e-m+dp/hard\libc_nano.a(lib_a-nano-mallocr.o)
                0x00000000200002dc                __malloc_sbrk_start
 *(COMMON)
 COMMON         0x00000000200002e0       0x35 Core/Src/Adafruit_AMG88xx.o
                0x00000000200002e0                _intc
                0x00000000200002e4                _ihysh
                0x00000000200002e8                _inthh
                0x00000000200002ec                _intlh
                0x00000000200002f0                _ihysl
                0x00000000200002f4                _inthl
                0x00000000200002f8                _tthh
                0x00000000200002fc                _fpsc
                0x0000000020000300                _sclr
                0x0000000020000304                _ave
                0x0000000020000308                _rst
                0x000000002000030c                _tthl
                0x0000000020000310                _intll
                0x0000000020000314                _pctl
 *fill*         0x0000000020000315        0x3 
 COMMON         0x0000000020000318     0x911c Core/Src/main.o
                0x0000000020000318                pixels
                0x0000000020000418                huart3
                0x000000002000049c                pixelsRaw
                0x000000002000051c                but_c
                0x0000000020000520                hi2c1
                0x000000002000056c                hpcd_USB_OTG_FS
                0x0000000020000970                pixelsTemp
                0x0000000020003170                tMax
                0x0000000020003174                but_ctr
                0x0000000020003178                hadc1
                0x00000000200031c0                but_b
                0x00000000200031c4                but_a
                0x00000000200031c8                tMin
                0x00000000200031cc                but_d
                0x00000000200031d0                hspi1
                0x0000000020003234                pixelsRawResize
 COMMON         0x0000000020009434        0x4 Drivers/STM32F7xx_HAL_Driver/Src/stm32f7xx_hal.o
                0x0000000020009434                uwTick
 COMMON         0x0000000020009438        0x4 c:/st/stm32cubeide_1.6.1/stm32cubeide/plugins/com.st.stm32cube.ide.mcu.externaltools.gnu-tools-for-stm32.9-2020-q2-update.win32_1.5.0.202011040924/tools/bin/../lib/gcc/arm-none-eabi/9.3.1/../../../../arm-none-eabi/lib/thumb/v7e-m+dp/hard\libc_nano.a(lib_a-reent.o)
                0x0000000020009438                errno
 COMMON         0x000000002000943c        0x9 c:/st/stm32cubeide_1.6.1/stm32cubeide/plugins/com.st.stm32cube.ide.mcu.externaltools.gnu-tools-for-stm32.9-2020-q2-update.win32_1.5.0.202011040924/tools/bin/../lib/gcc/arm-none-eabi/9.3.1/../../../../arm-none-eabi/lib/thumb/v7e-m+dp/hard\libc_nano.a(lib_a-lock.o)
                0x000000002000943c                __lock___atexit_recursive_mutex
                0x000000002000943d                __lock___arc4random_mutex
                0x000000002000943e                __lock___env_recursive_mutex
                0x000000002000943f                __lock___sinit_recursive_mutex
                0x0000000020009440                __lock___malloc_recursive_mutex
                0x0000000020009441                __lock___at_quick_exit_mutex
                0x0000000020009442                __lock___dd_hash_mutex
                0x0000000020009443                __lock___tz_mutex
                0x0000000020009444                __lock___sfp_recursive_mutex
                0x0000000020009448                . = ALIGN (0x4)
 *fill*         0x0000000020009445        0x3 
                0x0000000020009448                _ebss = .
                0x0000000020009448                __bss_end__ = _ebss

._user_heap_stack
                0x0000000020009448      0x600 load address 0x000000000801be48
                0x0000000020009448                . = ALIGN (0x8)
                [!provide]                        PROVIDE (end = .)
                0x0000000020009448                PROVIDE (_end = .)
                0x0000000020009648                . = (. + _Min_Heap_Size)
 *fill*         0x0000000020009448      0x200 
                0x0000000020009a48                . = (. + _Min_Stack_Size)
 *fill*         0x0000000020009648      0x400 
                0x0000000020009a48                . = ALIGN (0x8)

/DISCARD/
 libc.a(*)
 libm.a(*)
 libgcc.a(*)

.ARM.attributes
                0x0000000000000000       0x2e
 *(.ARM.attributes)
 .ARM.attributes
                0x0000000000000000       0x1e c:/st/stm32cubeide_1.6.1/stm32cubeide/plugins/com.st.stm32cube.ide.mcu.externaltools.gnu-tools-for-stm32.9-2020-q2-update.win32_1.5.0.202011040924/tools/bin/../lib/gcc/arm-none-eabi/9.3.1/thumb/v7e-m+dp/hard/crti.o
 .ARM.attributes
                0x000000000000001e       0x32 c:/st/stm32cubeide_1.6.1/stm32cubeide/plugins/com.st.stm32cube.ide.mcu.externaltools.gnu-tools-for-stm32.9-2020-q2-update.win32_1.5.0.202011040924/tools/bin/../lib/gcc/arm-none-eabi/9.3.1/thumb/v7e-m+dp/hard/crtbegin.o
 .ARM.attributes
                0x0000000000000050       0x32 Core/Src/Adafruit_AMG88xx.o
 .ARM.attributes
                0x0000000000000082       0x32 Core/Src/bilinear.o
 .ARM.attributes
                0x00000000000000b4       0x37 Core/Src/fonts.o
 .ARM.attributes
                0x00000000000000eb       0x32 Core/Src/main.o
 .ARM.attributes
                0x000000000000011d       0x32 Core/Src/st7735.o
 .ARM.attributes
                0x000000000000014f       0x32 Core/Src/stm32f7xx_hal_msp.o
 .ARM.attributes
                0x0000000000000181       0x32 Core/Src/stm32f7xx_it.o
 .ARM.attributes
                0x00000000000001b3       0x32 Core/Src/syscalls.o
 .ARM.attributes
                0x00000000000001e5       0x32 Core/Src/sysmem.o
 .ARM.attributes
                0x0000000000000217       0x32 Core/Src/system_stm32f7xx.o
 .ARM.attributes
                0x0000000000000249       0x21 Core/Startup/startup_stm32f767zitx.o
 .ARM.attributes
                0x000000000000026a       0x32 Drivers/STM32F7xx_HAL_Driver/Src/stm32f7xx_hal.o
 .ARM.attributes
                0x000000000000029c       0x32 Drivers/STM32F7xx_HAL_Driver/Src/stm32f7xx_hal_adc.o
 .ARM.attributes
                0x00000000000002ce       0x32 Drivers/STM32F7xx_HAL_Driver/Src/stm32f7xx_hal_cortex.o
 .ARM.attributes
                0x0000000000000300       0x32 Drivers/STM32F7xx_HAL_Driver/Src/stm32f7xx_hal_gpio.o
 .ARM.attributes
                0x0000000000000332       0x32 Drivers/STM32F7xx_HAL_Driver/Src/stm32f7xx_hal_i2c.o
 .ARM.attributes
                0x0000000000000364       0x32 Drivers/STM32F7xx_HAL_Driver/Src/stm32f7xx_hal_i2c_ex.o
 .ARM.attributes
                0x0000000000000396       0x32 Drivers/STM32F7xx_HAL_Driver/Src/stm32f7xx_hal_pcd.o
 .ARM.attributes
                0x00000000000003c8       0x32 Drivers/STM32F7xx_HAL_Driver/Src/stm32f7xx_hal_pcd_ex.o
 .ARM.attributes