Adafruit_AMG88xx.c:20:9:getPCTL	4	static
Adafruit_AMG88xx.c:21:9:getRST	4	static
Adafruit_AMG88xx.c:22:9:getFPSC	4	static
Adafruit_AMG88xx.c:23:9:getINTC	4	static
Adafruit_AMG88xx.c:24:9:getSTAT	4	static
Adafruit_AMG88xx.c:25:9:getSCLR	4	static
Adafruit_AMG88xx.c:26:9:getAVE	4	static
Adafruit_AMG88xx.c:27:9:getINTHL	4	static
Adafruit_AMG88xx.c:28:9:getINTHH	4	static
Adafruit_AMG88xx.c:29:9:getINTLL	4	static
Adafruit_AMG88xx.c:30:9:getINTLH	4	static
Adafruit_AMG88xx.c:31:9:getIHYSL	4	static
Adafruit_AMG88xx.c:32:9:getIHYSH	4	static
Adafruit_AMG88xx.c:33:9:getTTHL	4	static
Adafruit_AMG88xx.c:34:9:getTTHH	4	static
Adafruit_AMG88xx.c:35:9:min	16	static
Adafruit_AMG88xx.c:47:5:amg88xxInit	8	static
Adafruit_AMG88xx.c:75:6:setMovingAverageMode	16	static
Adafruit_AMG88xx.c:88:6:setInterruptLevels	16	static
Adafruit_AMG88xx.c:101:6:setInterruptLevelsHist	40	static
Adafruit_AMG88xx.c:130:6:enableInterrupt	8	static
Adafruit_AMG88xx.c:141:6:disableInterrupt	8	static
Adafruit_AMG88xx.c:153:6:setInterruptMode	16	static
Adafruit_AMG88xx.c:167:6:getInterrupt	24	static
Adafruit_AMG88xx.c:179:6:clearInterrupt	8	static
Adafruit_AMG88xx.c:191:7:readThermistor	16	static
Adafruit_AMG88xx.c:208:6:readPixels	48	dynamic
Adafruit_AMG88xx.c:226:6:readPixelsRaw	16	static
Adafruit_AMG88xx.c:238:6:write8	16	static
Adafruit_AMG88xx.c:250:9:read8	24	static
Adafruit_AMG88xx.c:259:6:read	40	static
Adafruit_AMG88xx.c:268:6:write	40	static
Adafruit_AMG88xx.c:284:7:signedMag12ToFloat	24	static
